################################################################################
#                                                                              #
#      IAR Universal Linker V5.6.0.36                                          #
#                                                                              #
#           Link time     =  21/Nov/2013  10:32:21                             #
#           Target CPU    =  MSP430                                            #
#           List file     =  C:\Users\a0272600\Documents\Work\Apps\BSL\RocketB #
#                            SL\MSPBSL_USB_Tool_lreynoso\Debug\List\CDC_UART_B #
#                            ridge_F6638.map                                   #
#           Output file 1 =  C:\Users\a0272600\Documents\Work\Apps\BSL\RocketB #
#                            SL\MSPBSL_USB_Tool_lreynoso\Debug\Exe\CDC_UART_Br #
#                            idge_F6638.txt                                    #
#                            Format: msp430_txt                                #
#           Output file 2 =  C:\Users\a0272600\Documents\Work\Apps\BSL\RocketB #
#                            SL\MSPBSL_USB_Tool_lreynoso\Debug\Exe\CDC_UART_Br #
#                            idge_F6638.d43                                    #
#                            Format: debug                                     #
#                            UBROF version 10.0.6                              #
#                            Using library modules for C-SPY (-rt)             #
#           Command line  =  C:\Users\a0272600\Documents\Work\Apps\BSL\RocketB #
#                            SL\MSPBSL_USB_Tool_lreynoso\Debug\Obj\HAL_FLASH.r #
#                            43                                                #
#                            C:\Users\a0272600\Documents\Work\Apps\BSL\RocketB #
#                            SL\MSPBSL_USB_Tool_lreynoso\Debug\Obj\HAL_PMAP.r4 #
#                            3                                                 #
#                            C:\Users\a0272600\Documents\Work\Apps\BSL\RocketB #
#                            SL\MSPBSL_USB_Tool_lreynoso\Debug\Obj\HAL_PMM.r43 #
#                            C:\Users\a0272600\Documents\Work\Apps\BSL\RocketB #
#                            SL\MSPBSL_USB_Tool_lreynoso\Debug\Obj\HAL_TLV.r43 #
#                            C:\Users\a0272600\Documents\Work\Apps\BSL\RocketB #
#                            SL\MSPBSL_USB_Tool_lreynoso\Debug\Obj\HAL_UCS.r43 #
#                            C:\Users\a0272600\Documents\Work\Apps\BSL\RocketB #
#                            SL\MSPBSL_USB_Tool_lreynoso\Debug\Obj\UsbCdc.r43  #
#                            C:\Users\a0272600\Documents\Work\Apps\BSL\RocketB #
#                            SL\MSPBSL_USB_Tool_lreynoso\Debug\Obj\UsbIsr.r43  #
#                            C:\Users\a0272600\Documents\Work\Apps\BSL\RocketB #
#                            SL\MSPBSL_USB_Tool_lreynoso\Debug\Obj\descriptors #
#                            .r43                                              #
#                            C:\Users\a0272600\Documents\Work\Apps\BSL\RocketB #
#                            SL\MSPBSL_USB_Tool_lreynoso\Debug\Obj\dma.r43     #
#                            C:\Users\a0272600\Documents\Work\Apps\BSL\RocketB #
#                            SL\MSPBSL_USB_Tool_lreynoso\Debug\Obj\initMCU.r43 #
#                            C:\Users\a0272600\Documents\Work\Apps\BSL\RocketB #
#                            SL\MSPBSL_USB_Tool_lreynoso\Debug\Obj\main.r43    #
#                            C:\Users\a0272600\Documents\Work\Apps\BSL\RocketB #
#                            SL\MSPBSL_USB_Tool_lreynoso\Debug\Obj\timer.r43   #
#                            C:\Users\a0272600\Documents\Work\Apps\BSL\RocketB #
#                            SL\MSPBSL_USB_Tool_lreynoso\Debug\Obj\uart.r43    #
#                            C:\Users\a0272600\Documents\Work\Apps\BSL\RocketB #
#                            SL\MSPBSL_USB_Tool_lreynoso\Debug\Obj\usb.r43     #
#                            C:\Users\a0272600\Documents\Work\Apps\BSL\RocketB #
#                            SL\MSPBSL_USB_Tool_lreynoso\Debug\Obj\usbConstruc #
#                            ts.r43                                            #
#                            C:\Users\a0272600\Documents\Work\Apps\BSL\RocketB #
#                            SL\MSPBSL_USB_Tool_lreynoso\Debug\Obj\usbEventHan #
#                            dling.r43                                         #
#                            -o                                                #
#                            C:\Users\a0272600\Documents\Work\Apps\BSL\RocketB #
#                            SL\MSPBSL_USB_Tool_lreynoso\Debug\Exe\CDC_UART_Br #
#                            idge_F6638.d43                                    #
#                            -l                                                #
#                            C:\Users\a0272600\Documents\Work\Apps\BSL\RocketB #
#                            SL\MSPBSL_USB_Tool_lreynoso\Debug\List\CDC_UART_B #
#                            ridge_F6638.map                                   #
#                            -xmsn                                             #
#                            "-IC:\Program Files (x86)\IAR Systems\Embedded Wo #
#                            rkbench 5_52\430\LIB\"                            #
#                            -f                                                #
#                            "C:\Program Files (x86)\IAR Systems\Embedded Work #
#                            bench 5_52\430\CONFIG\lnk430F6638.xcl"            #
#                            (-cmsp430 -QCODE_I=CODE_ID                        #
#                            -Z(DATA)DATA16_I,DATA16_Z,DATA16_N,TLS16_I,DATA16 #
#                            _HEAP+_DATA16_HEAP_SIZE=2400-63FF                 #
#                            -Z(DATA)CODE_I -Z(DATA)CSTACK+_STACK_SIZE#        #
#                            -Z(DATA)DATA20_I,DATA20_Z,DATA20_N,DATA20_HEAP+_D #
#                            ATA20_HEAP_SIZE                                   #
#                            -Z(CONST)INFO=1800-19FF                           #
#                            -Z(CONST)INFOA=1980-19FF                          #
#                            -Z(CONST)INFOB=1900-197F                          #
#                            -Z(CONST)INFOC=1880-18FF                          #
#                            -Z(CONST)INFOD=1800-187F                          #
#                            -Z(CODE)CSTART,ISR_CODE=8000-FF7F                 #
#                            -Z(CONST)DATA16_C,DATA16_ID,TLS16_ID,DIFUNCT,CHEC #
#                            KSUM=8000-FF7F                                    #
#                            -P(CODE)CODE=8000-FF7F,10000-47FFF                #
#                            -Z(CODE)CODE_ID                                   #
#                            -Z(CONST)DATA20_C,DATA20_ID=8000-FF7F,10000-47FFF #
#                            -Z(CODE)INTVEC=FF80-FFFF                          #
#                            -Z(CODE)RESET=FFFE-FFFF) -f                       #
#                            "C:\Program Files (x86)\IAR Systems\Embedded Work #
#                            bench 5_52\430\config\multiplier32_loc2.xcl"      #
#                            (-e?Mul8HwLoc2=?Mul8 -e?Mul16HwLoc2=?Mul16        #
#                            -e?Mul16to32uHwLoc2=?Mul16to32u                   #
#                            -e?Mul16to32sHwLoc2=?Mul16to32s                   #
#                            -e?Mul32Hw32Loc2=?Mul32                           #
#                            -e?Mul64Hw32Loc2=_Mul64i                          #
#                            -e?Mul32u32uto64iHw32Loc2=_Mul32u32uto64i         #
#                            -e?Mul32fHwLoc2=_Mul32f                           #
#                            -e_Mul64fHwPtrLoc2=_Mul64fPtr) -D_STACK_SIZE=A0   #
#                            -rt                                               #
#                            "C:\Program Files (x86)\IAR Systems\Embedded Work #
#                            bench 5_52\430\LIB\DLIB\dl430xsfn.r43"            #
#                            -e_PrintfFull=_Printf -e_ScanfFull=_Scanf         #
#                            -D_DATA16_HEAP_SIZE=A0                            #
#                            -Omsp430_txt=C:\Users\a0272600\Documents\Work\App #
#                            s\BSL\RocketBSL\MSPBSL_USB_Tool_lreynoso\Debug\Ex #
#                            e\CDC_UART_Bridge_F6638.txt                       #
#                            -s __program_start -D_DATA20_HEAP_SIZE=50         #
#                                                                              #
#                           Copyright (C) 1987-2013 IAR Systems AB.            #
################################################################################





                ****************************************
                *                                      *
                *           CROSS REFERENCE            *
                *                                      *
                ****************************************

       Program entry at :           8000  Relocatable, from module : ?cstart




                ****************************************
                *                                      *
                *            RUNTIME MODEL             *
                *                                      *
                ****************************************

  __Heap_Handler             = Basic
  __SystemLibrary            = DLib
  __core                     = 430X
  __data_model               = small
  __dlib_file_descriptor     = 0
  __dlib_full_locale_support = 0
  __double_size              = 32
  __pic                      = no
  __reg_r4                   = free
  __reg_r5                   = free
  __rt_version               = 3

                ****************************************
                *                                      *
                *    AUTOMATIC SYMBOL REDIRECTIONS     *
                *                                      *
                ****************************************

                  There are no automatic symbol redirections.



                ****************************************
                *                                      *
                *              MODULE MAP              *
                *                                      *
                ****************************************


  DEFINED ABSOLUTE ENTRIES
    *************************************************************************

  DEFINED ABSOLUTE ENTRIES
  PROGRAM MODULE, NAME : ?ABS_ENTRY_MOD

Absolute parts
           ENTRY                   ADDRESS         REF BY
           =====                   =======         ======
           _DATA20_HEAP_SIZE       0050 
           _DATA16_HEAP_SIZE       00A0 
           _STACK_SIZE             00A0 
    *************************************************************************

  FILE NAME : C:\Users\a0272600\Documents\Work\Apps\BSL\RocketBSL\MSPBSL_USB_Tool_lreynoso\Debug\Obj\HAL_FLASH.r43
  PROGRAM MODULE, NAME : HAL_FLASH

  SEGMENTS IN THE MODULE
  ======================
DATA16_AN
  Relative segment, address: 0140 - 0141 (0x2 bytes), align: 0
  Segment part 1. ROOT.
           ENTRY                   ADDRESS         REF BY
           =====                   =======         ======
           _A_FCTL1_L              0140 
           LOCAL                   ADDRESS         
           =====                   =======         
           FCTL1                   0140 
           FCTL1_H                 0141 
           FCTL1_L                 0140 
    -------------------------------------------------------------------------
DATA16_AN
  Relative segment, address: 0144 - 0145 (0x2 bytes), align: 0
  Segment part 2. ROOT.
           ENTRY                   ADDRESS         REF BY
           =====                   =======         ======
           _A_FCTL3_L              0144 
           LOCAL                   ADDRESS         
           =====                   =======         
           FCTL3                   0144 
           FCTL3_H                 0145 
           FCTL3_L                 0144 

    *************************************************************************

  FILE NAME : C:\Users\a0272600\Documents\Work\Apps\BSL\RocketBSL\MSPBSL_USB_Tool_lreynoso\Debug\Obj\HAL_PMAP.r43
  PROGRAM MODULE, NAME : HAL_PMAP

  SEGMENTS IN THE MODULE
  ======================
DATA16_AN
  Relative segment, address: 01C0 - 01C1 (0x2 bytes), align: 0
  Segment part 1. ROOT.       Intra module refs:   Port_Mapping (initMCU)
           ENTRY                   ADDRESS         REF BY
           =====                   =======         ======
           _A_PMAPKEYID_L          01C0 
           LOCAL                   ADDRESS         
           =====                   =======         
           PMAPKEYID               01C0 
           PMAPKEYID_H             01C1 
           PMAPKEYID_L             01C0 
    -------------------------------------------------------------------------
DATA16_AN
  Relative segment, address: 01C2 - 01C3 (0x2 bytes), align: 0
  Segment part 2. ROOT.
           ENTRY                   ADDRESS         REF BY
           =====                   =======         ======
           _A_PMAPCTL_L            01C2 
           LOCAL                   ADDRESS         
           =====                   =======         
           PMAPCTL                 01C2 
           PMAPCTL_H               01C3 
           PMAPCTL_L               01C2 

    *************************************************************************

  FILE NAME : C:\Users\a0272600\Documents\Work\Apps\BSL\RocketBSL\MSPBSL_USB_Tool_lreynoso\Debug\Obj\HAL_PMM.r43
  PROGRAM MODULE, NAME : HAL_PMM

  SEGMENTS IN THE MODULE
  ======================
DATA16_AN
  Relative segment, address: 0120 - 0121 (0x2 bytes), align: 0
  Segment part 1. ROOT.       Intra module refs:   SetVCore
                                                   SetVCoreDown
                                                   SetVCoreUp
           ENTRY                   ADDRESS         REF BY
           =====                   =======         ======
           _A_PMMCTL0_L            0120 
           LOCAL                   ADDRESS         
           =====                   =======         
           PMMCTL0                 0120 
           PMMCTL0_H               0121 
           PMMCTL0_L               0120 
    -------------------------------------------------------------------------
DATA16_AN
  Relative segment, address: 0124 - 0125 (0x2 bytes), align: 0
  Segment part 2. ROOT.       Intra module refs:   SetVCoreDown
                                                   SetVCoreUp
           ENTRY                   ADDRESS         REF BY
           =====                   =======         ======
           _A_SVSMHCTL_L           0124 
           LOCAL                   ADDRESS         
           =====                   =======         
           SVSMHCTL                0124 
           SVSMHCTL_H              0125 
           SVSMHCTL_L              0124 
    -------------------------------------------------------------------------
DATA16_AN
  Relative segment, address: 0126 - 0127 (0x2 bytes), align: 0
  Segment part 3. ROOT.       Intra module refs:   SetVCoreDown
                                                   SetVCoreUp
           ENTRY                   ADDRESS         REF BY
           =====                   =======         ======
           _A_SVSMLCTL_L           0126 
           LOCAL                   ADDRESS         
           =====                   =======         
           SVSMLCTL                0126 
           SVSMLCTL_H              0127 
           SVSMLCTL_L              0126 
    -------------------------------------------------------------------------
DATA16_AN
  Relative segment, address: 012C - 012D (0x2 bytes), align: 0
  Segment part 4. ROOT.       Intra module refs:   SetVCoreDown
                                                   SetVCoreUp
           ENTRY                   ADDRESS         REF BY
           =====                   =======         ======
           _A_PMMIFG_L             012C 
           LOCAL                   ADDRESS         
           =====                   =======         
           PMMIFG                  012C 
           PMMIFG_H                012D 
           PMMIFG_L                012C 
    -------------------------------------------------------------------------
DATA16_AN
  Relative segment, address: 012E - 012F (0x2 bytes), align: 0
  Segment part 5. ROOT.       Intra module refs:   SetVCoreDown
                                                   SetVCoreUp
           ENTRY                   ADDRESS         REF BY
           =====                   =======         ======
           _A_PMMRIE_L             012E 
           LOCAL                   ADDRESS         
           =====                   =======         
           PMMRIE                  012E 
           PMMRIE_H                012F 
           PMMRIE_L                012E 
    -------------------------------------------------------------------------
<CODE> 1 (was CODE)
  Relative segment, address: 8CD8 - 8DB3 (0xdc bytes), align: 1
  Segment part 9.             Intra module refs:   SetVCore
           LOCAL                   ADDRESS         
           =====                   =======         
           SetVCoreUp              8CD8 
               CSTACK = 00000000 ( 00000008 )
    -------------------------------------------------------------------------
<CODE> 1 (was CODE)
  Relative segment, address: 8F2A - 8FC7 (0x9e bytes), align: 1
  Segment part 8.             Intra module refs:   SetVCore
           LOCAL                   ADDRESS         
           =====                   =======         
           SetVCoreDown            8F2A 
               CSTACK = 00000000 ( 0000000C )
    -------------------------------------------------------------------------
<CODE> 1 (was CODE)
  Relative segment, address: 9422 - 946D (0x4c bytes), align: 1
  Segment part 7.
           ENTRY                   ADDRESS         REF BY
           =====                   =======         ======
           SetVCore                9422            Init_StartUp (initMCU)
               calls direct
               CSTACK = 00000000 ( 00000008 )

    *************************************************************************

  FILE NAME : C:\Users\a0272600\Documents\Work\Apps\BSL\RocketBSL\MSPBSL_USB_Tool_lreynoso\Debug\Obj\HAL_TLV.r43
  PROGRAM MODULE, NAME : HAL_TLV

  SEGMENTS IN THE MODULE
  ======================
<CODE> 1 (was CODE)
  Relative segment, address: 9382 - 93D1 (0x50 bytes), align: 1
  Segment part 6.
           ENTRY                   ADDRESS         REF BY
           =====                   =======         ======
           Get_TLV_Info            9382            USB_InitSerialStringDescriptor (usb)
               CSTACK = 00000000 ( 00000008 )

    *************************************************************************

  FILE NAME : C:\Users\a0272600\Documents\Work\Apps\BSL\RocketBSL\MSPBSL_USB_Tool_lreynoso\Debug\Obj\HAL_UCS.r43
  PROGRAM MODULE, NAME : HAL_UCS

  SEGMENTS IN THE MODULE
  ======================
DATA16_AN
  Relative segment, address: 0102 - 0103 (0x2 bytes), align: 0
  Segment part 1. ROOT.       Intra module refs:   Init_FLL
                                                   UNMI_ISR (main)
                                                   XT2_Start
           ENTRY                   ADDRESS         REF BY
           =====                   =======         ======
           _A_SFRIFG1_L            0102 
           LOCAL                   ADDRESS         
           =====                   =======         
           SFRIFG1                 0102 
           SFRIFG1_H               0103 
           SFRIFG1_L               0102 
    -------------------------------------------------------------------------
DATA16_AN
  Relative segment, address: 0160 - 0161 (0x2 bytes), align: 0
  Segment part 2. ROOT.       Intra module refs:   Init_FLL
           ENTRY                   ADDRESS         REF BY
           =====                   =======         ======
           _A_UCSCTL0_L            0160 
           LOCAL                   ADDRESS         
           =====                   =======         
           UCSCTL0                 0160 
           UCSCTL0_H               0161 
           UCSCTL0_L               0160 
    -------------------------------------------------------------------------
DATA16_AN
  Relative segment, address: 0162 - 0163 (0x2 bytes), align: 0
  Segment part 3. ROOT.       Intra module refs:   Init_FLL
           ENTRY                   ADDRESS         REF BY
           =====                   =======         ======
           _A_UCSCTL1_L            0162 
           LOCAL                   ADDRESS         
           =====                   =======         
           UCSCTL1                 0162 
           UCSCTL1_H               0163 
           UCSCTL1_L               0162 
    -------------------------------------------------------------------------
DATA16_AN
  Relative segment, address: 0164 - 0165 (0x2 bytes), align: 0
  Segment part 4. ROOT.       Intra module refs:   Init_FLL
           ENTRY                   ADDRESS         REF BY
           =====                   =======         ======
           _A_UCSCTL2_L            0164 
           LOCAL                   ADDRESS         
           =====                   =======         
           UCSCTL2                 0164 
           UCSCTL2_H               0165 
           UCSCTL2_L               0164 
    -------------------------------------------------------------------------
DATA16_AN
  Relative segment, address: 0168 - 0169 (0x2 bytes), align: 0
  Segment part 5. ROOT.       Intra module refs:   Init_Clock (initMCU)
                                                   Init_FLL
           ENTRY                   ADDRESS         REF BY
           =====                   =======         ======
           _A_UCSCTL4_L            0168 
           LOCAL                   ADDRESS         
           =====                   =======         
           UCSCTL4                 0168 
           UCSCTL4_H               0169 
           UCSCTL4_L               0168 
    -------------------------------------------------------------------------
DATA16_AN
  Relative segment, address: 016C - 016D (0x2 bytes), align: 0
  Segment part 6. ROOT.       Intra module refs:   Init_Clock (initMCU)
                                                   USB_suspend (usb)
                                                   XT2_Start
                                                   XT2_Stop
           ENTRY                   ADDRESS         REF BY
           =====                   =======         ======
           _A_UCSCTL6_L            016C 
           LOCAL                   ADDRESS         
           =====                   =======         
           UCSCTL6                 016C 
           UCSCTL6_H               016D 
           UCSCTL6_L               016C 
    -------------------------------------------------------------------------
DATA16_AN
  Relative segment, address: 016E - 016F (0x2 bytes), align: 0
  Segment part 7. ROOT.       Intra module refs:   Init_FLL
                                                   UNMI_ISR (main)
                                                   XT2_Start
           ENTRY                   ADDRESS         REF BY
           =====                   =======         ======
           _A_UCSCTL7_L            016E 
           LOCAL                   ADDRESS         
           =====                   =======         
           UCSCTL7                 016E 
           UCSCTL7_H               016F 
           UCSCTL7_L               016E 
    -------------------------------------------------------------------------
<CODE> 1 (was CODE)
  Relative segment, address: 96E4 - 9713 (0x30 bytes), align: 1
  Segment part 14.
           ENTRY                   ADDRESS         REF BY
           =====                   =======         ======
           XT2_Start               96E4            USB_enable (usb)
               CSTACK = 00000000 ( 00000004 )
    -------------------------------------------------------------------------
<CODE> 1 (was CODE)
  Relative segment, address: 9A78 - 9A7F (0x8 bytes), align: 1
  Segment part 11.
           ENTRY                   ADDRESS         REF BY
           =====                   =======         ======
           XT2_Stop                9A78            USB_handleVbusOffEvent (usbEventHandling)
               CSTACK = 00000000 ( 00000004 )
    -------------------------------------------------------------------------
<CODE> 1 (was CODE)
  Relative segment, address: 8BF4 - 8CD7 (0xe4 bytes), align: 1
  Segment part 9.
           ENTRY                   ADDRESS         REF BY
           =====                   =======         ======
           Init_FLL                8BF4            Init_Clock (initMCU)
               CSTACK = 00000000 ( 00000006 )

    *************************************************************************

  FILE NAME : C:\Users\a0272600\Documents\Work\Apps\BSL\RocketBSL\MSPBSL_USB_Tool_lreynoso\Debug\Obj\UsbCdc.r43
  PROGRAM MODULE, NAME : UsbCdc

  SEGMENTS IN THE MODULE
  ======================
DATA16_AN
  Relative segment, address: 0202 - 0203 (0x2 bytes), align: 0
  Segment part 1. ROOT.       Intra module refs:   CdcToUart (uart)
                                                   Init_Ports (initMCU)
                                                   UartToCdc (uart)
                                                   usbSetControlLineState0
           ENTRY                   ADDRESS         REF BY
           =====                   =======         ======
           _A_PAOUT_L              0202 
           LOCAL                   ADDRESS         
           =====                   =======         
           PAOUT                   0202 
           PAOUT_H                 0203 
           PAOUT_L                 0202 
    -------------------------------------------------------------------------
DATA16_AN
  Relative segment, address: 0930 - 0930 (0x1 bytes), align: 0
  Segment part 2. ROOT.
           ENTRY                   ADDRESS         REF BY
           =====                   =======         ======
           USBIEPIFG               0930 
    -------------------------------------------------------------------------
DATA16_Z
  Relative segment, address: 2400 - 2407 (0x8 bytes), align: 1
  Segment part 4.             Intra module refs:   Handler_SetLineCoding0
                                                   usbGetLineCoding0
           LOCAL                   ADDRESS         
           =====                   =======         
           CdcParams               2400 
    -------------------------------------------------------------------------
DATA16_Z
  Relative segment, address: 2408 - 2411 (0xa bytes), align: 1
  Segment part 5.             Intra module refs:   CdcResetData
           LOCAL                   ADDRESS         
           =====                   =======         
           CdcWriteCtrl            2408 
    -------------------------------------------------------------------------
DATA16_Z
  Relative segment, address: 2412 - 2421 (0x10 bytes), align: 1
  Segment part 6.             Intra module refs:   CdcResetData
           LOCAL                   ADDRESS         
           =====                   =======         
           CdcReadCtrl             2412 
    -------------------------------------------------------------------------
<CODE> 1 (was CODE)
  Relative segment, address: 98F0 - 990B (0x1c bytes), align: 1
  Segment part 24.
           ENTRY                   ADDRESS         REF BY
           =====                   =======         ======
           CdcResetData            98F0            USB_reset (usb)
               calls direct
               CSTACK = 00000000 ( 00000004 )
    -------------------------------------------------------------------------
<CODE> 1 (was CODE)
  Relative segment, address: 94FC - 9541 (0x46 bytes), align: 1
  Segment part 12.
           ENTRY                   ADDRESS         REF BY
           =====                   =======         ======
           usbGetLineCoding0       94FC            tUsbRequestList (descriptors)
               calls direct
               CSTACK = 00000000 ( 00000004 )
    -------------------------------------------------------------------------
<CODE> 1 (was CODE)
  Relative segment, address: 9A90 - 9A97 (0x8 bytes), align: 1
  Segment part 11.
           ENTRY                   ADDRESS         REF BY
           =====                   =======         ======
           usbSetLineCoding0       9A90            tUsbRequestList (descriptors)
               calls direct
               CSTACK = 00000000 ( 00000004 )
    -------------------------------------------------------------------------
<CODE> 1 (was CODE)
  Relative segment, address: 9604 - 9643 (0x40 bytes), align: 1
  Segment part 10.
           ENTRY                   ADDRESS         REF BY
           =====                   =======         ======
           usbSetControlLineState0
                                   9604            tUsbRequestList (descriptors)
               calls direct
               CSTACK = 00000000 ( 00000004 )
    -------------------------------------------------------------------------
<CODE> 1 (was CODE)
  Relative segment, address: 90DC - 9155 (0x7a bytes), align: 1
  Segment part 9.
           ENTRY                   ADDRESS         REF BY
           =====                   =======         ======
           Handler_SetLineCoding0
                                   90DC            OEP0InterruptHandler (UsbIsr)
               calls direct
               CSTACK = 00000000 ( 0000000C )
    -------------------------------------------------------------------------
<CODE> 1 (was CODE)
  Relative segment, address: 9AC4 - 9AC5 (0x2 bytes), align: 1
  Segment part 8.
           ENTRY                   ADDRESS         REF BY
           =====                   =======         ======
           Handler_SetLineCoding1
                                   9AC4            OEP0InterruptHandler (UsbIsr)
               CSTACK = 00000000 ( 00000004 )
    -------------------------------------------------------------------------
<CODE> 1 (was CODE)
  Relative segment, address: 9AC8 - 9AC9 (0x2 bytes), align: 1
  Segment part 7.
           ENTRY                   ADDRESS         REF BY
           =====                   =======         ======
           Handler_SetLineCoding2
                                   9AC8            OEP0InterruptHandler (UsbIsr)
               CSTACK = 00000000 ( 00000004 )

    *************************************************************************

  FILE NAME : C:\Users\a0272600\Documents\Work\Apps\BSL\RocketBSL\MSPBSL_USB_Tool_lreynoso\Debug\Obj\UsbIsr.r43
  PROGRAM MODULE, NAME : UsbIsr

  SEGMENTS IN THE MODULE
  ======================
DATA16_AN
  Relative segment, address: 0900 - 0901 (0x2 bytes), align: 0
  Segment part 1. ROOT.       Intra module refs:   PWRVBUSoffHandler
                                                   PWRVBUSonHandler
                                                   USB_connect (usb)
                                                   USB_disable (usb)
                                                   USB_enable (usb)
                                                   USB_init (usb)
                                                   USB_reset (usb)
                                                   USB_suspend (usb)
           ENTRY                   ADDRESS         REF BY
           =====                   =======         ======
           _A_USBKEYID_L           0900 
           LOCAL                   ADDRESS         
           =====                   =======         
           USBKEYID                0900 
           USBKEYID_H              0901 
           USBKEYID_L              0900 
    -------------------------------------------------------------------------
DATA16_AN
  Relative segment, address: 0902 - 0903 (0x2 bytes), align: 0
  Segment part 2. ROOT.       Intra module refs:   PWRVBUSoffHandler
                                                   USB_connect (usb)
                                                   USB_connectionInfo (usb)
                                                   USB_disable (usb)
                                                   USB_enable (usb)
           ENTRY                   ADDRESS         REF BY
           =====                   =======         ======
           _A_USBCNF_L             0902 
           LOCAL                   ADDRESS         
           =====                   =======         
           USBCNF                  0902 
           USBCNF_H                0903 
           USBCNF_L                0902 
    -------------------------------------------------------------------------
DATA16_AN
  Relative segment, address: 0908 - 0909 (0x2 bytes), align: 0
  Segment part 3. ROOT.       Intra module refs:   PWRVBUSoffHandler
                                                   PWRVBUSonHandler
                                                   USB_connect (usb)
                                                   USB_connectionInfo (usb)
                                                   USB_enable (usb)
                                                   USB_init (usb)
           ENTRY                   ADDRESS         REF BY
           =====                   =======         ======
           _A_USBPWRCTL_L          0908 
           LOCAL                   ADDRESS         
           =====                   =======         
           USBPWRCTL               0908 
           USBPWRCTL_H             0909 
           USBPWRCTL_L             0908 
    -------------------------------------------------------------------------
DATA16_AN
  Relative segment, address: 0910 - 0911 (0x2 bytes), align: 0
  Segment part 4. ROOT.       Intra module refs:   PWRVBUSoffHandler
                                                   USB_disable (usb)
                                                   USB_enable (usb)
                                                   USB_suspend (usb)
           ENTRY                   ADDRESS         REF BY
           =====                   =======         ======
           _A_USBPLLCTL_L          0910 
           LOCAL                   ADDRESS         
           =====                   =======         
           USBPLLCTL               0910 
           USBPLLCTL_H             0911 
           USBPLLCTL_L             0910 
    -------------------------------------------------------------------------
DATA16_AN
  Relative segment, address: 0932 - 0933 (0x2 bytes), align: 0
  Segment part 5. ROOT.       Intra module refs:   iUsbInterruptHandler
           ENTRY                   ADDRESS         REF BY
           =====                   =======         ======
           _A_USBVECINT_L          0932 
           LOCAL                   ADDRESS         
           =====                   =======         
           USBVECINT               0932 
           USBVECINT_H             0933 
           USBVECINT_L             0932 
    -------------------------------------------------------------------------
DATA16_AN
  Relative segment, address: 093C - 093C (0x1 bytes), align: 0
  Segment part 6. ROOT.       Intra module refs:   IEP0InterruptHandler
                                                   OEP0InterruptHandler
                                                   SetupPacketInterruptHandler
                                                   USB_reset (usb)
                                                   USB_suspend (usb)
           ENTRY                   ADDRESS         REF BY
           =====                   =======         ======
           USBCTL                  093C 
    -------------------------------------------------------------------------
DATA16_AN
  Relative segment, address: 093E - 093E (0x1 bytes), align: 0
  Segment part 7. ROOT.       Intra module refs:   SetupPacketInterruptHandler
                                                   USB_reset (usb)
                                                   USB_resume (usb)
                                                   USB_suspend (usb)
                                                   iUsbInterruptHandler
                                                   usbDecodeAndProcessUsbRequest (usb)
                                                   usbInvalidRequest (usb)
           ENTRY                   ADDRESS         REF BY
           =====                   =======         ======
           USBIFG                  093E 
    -------------------------------------------------------------------------
ISR_CODE
  Relative segment, address: 8018 - 812B (0x114 bytes), align: 1
  Segment part 15.            Intra module refs:   iUsbInterruptHandler::??INTVEC 102
           ENTRY                   ADDRESS         REF BY
           =====                   =======         ======
           iUsbInterruptHandler    8018 
               interrupt function
               calls direct
               CSTACK = 00000000 ( 00000010 )
    -------------------------------------------------------------------------
<CODE> 1 (was CODE)
  Relative segment, address: 9584 - 95C3 (0x40 bytes), align: 1
  Segment part 14.            Intra module refs:   iUsbInterruptHandler
           ENTRY                   ADDRESS         REF BY
           =====                   =======         ======
           SetupPacketInterruptHandler
                                   9584 
               calls direct
               CSTACK = 00000000 ( 00000004 )
    -------------------------------------------------------------------------
<CODE> 1 (was CODE)
  Relative segment, address: 94B6 - 94FB (0x46 bytes), align: 1
  Segment part 13.            Intra module refs:   iUsbInterruptHandler
           ENTRY                   ADDRESS         REF BY
           =====                   =======         ======
           PWRVBUSoffHandler       94B6 
               CSTACK = 00000000 ( 00000006 )
    -------------------------------------------------------------------------
<CODE> 1 (was CODE)
  Relative segment, address: 967E - 96B1 (0x34 bytes), align: 1
  Segment part 12.            Intra module refs:   iUsbInterruptHandler
           ENTRY                   ADDRESS         REF BY
           =====                   =======         ======
           PWRVBUSonHandler        967E 
               CSTACK = 00000000 ( 00000006 )
    -------------------------------------------------------------------------
<CODE> 1 (was CODE)
  Relative segment, address: 990C - 9925 (0x1a bytes), align: 1
  Segment part 11.            Intra module refs:   iUsbInterruptHandler
           ENTRY                   ADDRESS         REF BY
           =====                   =======         ======
           IEP0InterruptHandler    990C 
               calls direct
               CSTACK = 00000000 ( 00000004 )
    -------------------------------------------------------------------------
<CODE> 1 (was CODE)
  Relative segment, address: 9330 - 9381 (0x52 bytes), align: 1
  Segment part 10.            Intra module refs:   iUsbInterruptHandler
           ENTRY                   ADDRESS         REF BY
           =====                   =======         ======
           OEP0InterruptHandler    9330 
               calls direct
               CSTACK = 00000000 ( 00000004 )
    -------------------------------------------------------------------------
INTVEC
  Common segment, address: FF80 - FFE7 (0x68 bytes), align: 1
  Segment part 8. ROOT.
           ENTRY                   ADDRESS         REF BY
           =====                   =======         ======
           iUsbInterruptHandler::??INTVEC 102
                                   FFE6 

    *************************************************************************

  FILE NAME : C:\Users\a0272600\Documents\Work\Apps\BSL\RocketBSL\MSPBSL_USB_Tool_lreynoso\Debug\Obj\descriptors.r43
  PROGRAM MODULE, NAME : descriptors

  SEGMENTS IN THE MODULE
  ======================
DATA16_C
  Relative segment, address: 82BC - 82CD (0x12 bytes), align: 0
  Segment part 2.
           ENTRY                   ADDRESS         REF BY
           =====                   =======         ======
           abromDeviceDescriptor   82BC            usbGetDeviceDescriptor (usb)
    -------------------------------------------------------------------------
DATA16_C
  Relative segment, address: 82CE - 8310 (0x43 bytes), align: 0
  Segment part 3.
           ENTRY                   ADDRESS         REF BY
           =====                   =======         ======
           abromConfigurationDescriptorGroup
                                   82CE            usbGetConfigurationDescriptor (usb)
                                                   usbGetDeviceStatus (usb)
    -------------------------------------------------------------------------
DATA16_C
  Relative segment, address: 8311 - 8396 (0x86 bytes), align: 0
  Segment part 4.
           ENTRY                   ADDRESS         REF BY
           =====                   =======         ======
           abromStringDescriptor   8311            usbGetStringDescriptor (usb)
    -------------------------------------------------------------------------
DATA16_C
  Relative segment, address: 81A2 - 81B1 (0x10 bytes), align: 1
  Segment part 5.
           ENTRY                   ADDRESS         REF BY
           =====                   =======         ======
           stUsbHandle             81A2            CdcToUart (uart)
                                                   USB_reset (usb)
                                                   UartToCdc (uart)
    -------------------------------------------------------------------------
DATA16_C
  Relative segment, address: 81B2 - 82BB (0x10a bytes), align: 1
  Segment part 6.
           ENTRY                   ADDRESS         REF BY
           =====                   =======         ======
           tUsbRequestList         81B2            usbDecodeAndProcessUsbRequest (usb)

    *************************************************************************

  FILE NAME : C:\Users\a0272600\Documents\Work\Apps\BSL\RocketBSL\MSPBSL_USB_Tool_lreynoso\Debug\Obj\dma.r43
  PROGRAM MODULE, NAME : dma

  SEGMENTS IN THE MODULE
  ======================
DATA16_AN
  Relative segment, address: 0500 - 0501 (0x2 bytes), align: 0
  Segment part 1. ROOT.       Intra module refs:   SetupDmaForUart0 (uart)
                                                   USB_initMemcpy
           ENTRY                   ADDRESS         REF BY
           =====                   =======         ======
           _A_DMACTL0_L            0500 
           LOCAL                   ADDRESS         
           =====                   =======         
           DMACTL0                 0500 
           DMACTL0_H               0501 
           DMACTL0_L               0500 
    -------------------------------------------------------------------------
DATA16_AN
  Relative segment, address: 0508 - 0509 (0x2 bytes), align: 0
  Segment part 2. ROOT.       Intra module refs:   SetupDmaForUart0 (uart)
                                                   USB_initMemcpy
           ENTRY                   ADDRESS         REF BY
           =====                   =======         ======
           _A_DMACTL4_L            0508 
           LOCAL                   ADDRESS         
           =====                   =======         
           DMACTL4                 0508 
           DMACTL4_H               0509 
           DMACTL4_L               0508 
    -------------------------------------------------------------------------
DATA16_AN
  Relative segment, address: 0510 - 0511 (0x2 bytes), align: 0
  Segment part 3. ROOT.       Intra module refs:   USB_initMemcpy
                                                   memcpyDMA0
           ENTRY                   ADDRESS         REF BY
           =====                   =======         ======
           _A_DMA0CTL_L            0510 
           LOCAL                   ADDRESS         
           =====                   =======         
           DMA0CTL                 0510 
           DMA0CTL_H               0511 
           DMA0CTL_L               0510 
    -------------------------------------------------------------------------
DATA16_AN
  Relative segment, address: 0512 - 0515 (0x4 bytes), align: 0
  Segment part 4. ROOT.       Intra module refs:   memcpyDMA0
           ENTRY                   ADDRESS         REF BY
           =====                   =======         ======
           _A_DMA0SA_L             0512 
           LOCAL                   ADDRESS         
           =====                   =======         
           DMA0SA                  0512 
           DMA0SAH                 0514 
           DMA0SAL                 0512 
           DMA0SA_H                0513 
           DMA0SA_L                0512 
    -------------------------------------------------------------------------
DATA16_AN
  Relative segment, address: 0516 - 0519 (0x4 bytes), align: 0
  Segment part 5. ROOT.       Intra module refs:   memcpyDMA0
           ENTRY                   ADDRESS         REF BY
           =====                   =======         ======
           _A_DMA0DA_L             0516 
           LOCAL                   ADDRESS         
           =====                   =======         
           DMA0DA                  0516 
           DMA0DAH                 0518 
           DMA0DAL                 0516 
           DMA0DA_H                0517 
           DMA0DA_L                0516 
    -------------------------------------------------------------------------
DATA16_AN
  Relative segment, address: 051A - 051B (0x2 bytes), align: 0
  Segment part 6. ROOT.       Intra module refs:   memcpyDMA0
           ENTRY                   ADDRESS         REF BY
           =====                   =======         ======
           DMA0SZ                  051A 
    -------------------------------------------------------------------------
DATA16_AN
  Relative segment, address: 0520 - 0521 (0x2 bytes), align: 0
  Segment part 7. ROOT.       Intra module refs:   CdcToUart (uart)
                                                   SetupDmaForUart0 (uart)
                                                   USB_initMemcpy
           ENTRY                   ADDRESS         REF BY
           =====                   =======         ======
           _A_DMA1CTL_L            0520 
           LOCAL                   ADDRESS         
           =====                   =======         
           DMA1CTL                 0520 
           DMA1CTL_H               0521 
           DMA1CTL_L               0520 
    -------------------------------------------------------------------------
DATA16_AN
  Relative segment, address: 0522 - 0525 (0x4 bytes), align: 0
  Segment part 8. ROOT.       Intra module refs:   SetupDmaForUart0 (uart)
           ENTRY                   ADDRESS         REF BY
           =====                   =======         ======
           _A_DMA1SA_L             0522 
           LOCAL                   ADDRESS         
           =====                   =======         
           DMA1SA                  0522 
           DMA1SAH                 0524 
           DMA1SAL                 0522 
           DMA1SA_H                0523 
           DMA1SA_L                0522 
    -------------------------------------------------------------------------
DATA16_AN
  Relative segment, address: 0526 - 0529 (0x4 bytes), align: 0
  Segment part 9. ROOT.       Intra module refs:   SetupDmaForUart0 (uart)
           ENTRY                   ADDRESS         REF BY
           =====                   =======         ======
           _A_DMA1DA_L             0526 
           LOCAL                   ADDRESS         
           =====                   =======         
           DMA1DA                  0526 
           DMA1DAH                 0528 
           DMA1DAL                 0526 
           DMA1DA_H                0527 
           DMA1DA_L                0526 
    -------------------------------------------------------------------------
DATA16_AN
  Relative segment, address: 052A - 052B (0x2 bytes), align: 0
  Segment part 10. ROOT.      Intra module refs:   CdcToUart (uart)
           ENTRY                   ADDRESS         REF BY
           =====                   =======         ======
           DMA1SZ                  052A 
    -------------------------------------------------------------------------
DATA16_AN
  Relative segment, address: 0530 - 0531 (0x2 bytes), align: 0
  Segment part 11. ROOT.      Intra module refs:   SetupDmaForUart0 (uart)
                                                   USB_initMemcpy
           ENTRY                   ADDRESS         REF BY
           =====                   =======         ======
           _A_DMA2CTL_L            0530 
           LOCAL                   ADDRESS         
           =====                   =======         
           DMA2CTL                 0530 
           DMA2CTL_H               0531 
           DMA2CTL_L               0530 
    -------------------------------------------------------------------------
DATA16_AN
  Relative segment, address: 0532 - 0535 (0x4 bytes), align: 0
  Segment part 12. ROOT.      Intra module refs:   SetupDmaForUart0 (uart)
           ENTRY                   ADDRESS         REF BY
           =====                   =======         ======
           _A_DMA2SA_L             0532 
           LOCAL                   ADDRESS         
           =====                   =======         
           DMA2SA                  0532 
           DMA2SAH                 0534 
           DMA2SAL                 0532 
           DMA2SA_H                0533 
           DMA2SA_L                0532 
    -------------------------------------------------------------------------
DATA16_AN
  Relative segment, address: 0536 - 0539 (0x4 bytes), align: 0
  Segment part 13. ROOT.      Intra module refs:   SetupDmaForUart0 (uart)
           ENTRY                   ADDRESS         REF BY
           =====                   =======         ======
           _A_DMA2DA_L             0536 
           LOCAL                   ADDRESS         
           =====                   =======         
           DMA2DA                  0536 
           DMA2DAH                 0538 
           DMA2DAL                 0536 
           DMA2DA_H                0537 
           DMA2DA_L                0536 
    -------------------------------------------------------------------------
DATA16_AN
  Relative segment, address: 053A - 053B (0x2 bytes), align: 0
  Segment part 14. ROOT.      Intra module refs:   SetupDmaForUart0 (uart)
                                                   UartToCdc (uart)
           ENTRY                   ADDRESS         REF BY
           =====                   =======         ======
           DMA2SZ                  053A 
    -------------------------------------------------------------------------
DATA16_Z
  Relative segment, address: 2422 - 2425 (0x4 bytes), align: 1
  Segment part 16.            Intra module refs:   USB_initMemcpy
           ENTRY                   ADDRESS         REF BY
           =====                   =======         ======
           USB_TX_memcpy           2422            CdcToUart (uart)
    -------------------------------------------------------------------------
DATA16_Z
  Relative segment, address: 2426 - 2429 (0x4 bytes), align: 1
  Segment part 17.            Intra module refs:   USB_initMemcpy
           ENTRY                   ADDRESS         REF BY
           =====                   =======         ======
           USB_RX_memcpy           2426            UartToCdc (uart)
    -------------------------------------------------------------------------
<CODE> 1 (was CODE)
  Relative segment, address: 982E - 9851 (0x24 bytes), align: 1
  Segment part 22.            Intra module refs:   USB_initMemcpy
           ENTRY                   ADDRESS         REF BY
           =====                   =======         ======
           memcpyV                 982E 
               CSTACK = 00000000 ( 00000008 )
    -------------------------------------------------------------------------
<CODE> 1 (was CODE)
  Relative segment, address: 946E - 94B5 (0x48 bytes), align: 1
  Segment part 21.
           ENTRY                   ADDRESS         REF BY
           =====                   =======         ======
           USB_initMemcpy          946E            USB_init (usb)
               CSTACK = 00000000 ( 00000004 )
    -------------------------------------------------------------------------
<CODE> 1 (was CODE)
  Relative segment, address: 9794 - 97BB (0x28 bytes), align: 1
  Segment part 20.            Intra module refs:   USB_initMemcpy
           ENTRY                   ADDRESS         REF BY
           =====                   =======         ======
           memcpyDMA0              9794 
               CSTACK = 00000000 ( 00000004 )

    *************************************************************************

  FILE NAME : C:\Users\a0272600\Documents\Work\Apps\BSL\RocketBSL\MSPBSL_USB_Tool_lreynoso\Debug\Obj\initMCU.r43
  PROGRAM MODULE, NAME : initMCU

  SEGMENTS IN THE MODULE
  ======================
DATA16_AN
  Relative segment, address: 049C - 049D (0x2 bytes), align: 0
  Segment part 1. ROOT.       Intra module refs:   Init_Clock
           ENTRY                   ADDRESS         REF BY
           =====                   =======         ======
           _A_BAKCTL_L             049C 
           LOCAL                   ADDRESS         
           =====                   =======         
           BAKCTL                  049C 
           BAKCTL_H                049D 
           BAKCTL_L                049C 
    -------------------------------------------------------------------------
DATA16_AN
  Relative segment, address: 0204 - 0205 (0x2 bytes), align: 0
  Segment part 3. ROOT.       Intra module refs:   Init_Ports
           ENTRY                   ADDRESS         REF BY
           =====                   =======         ======
           _A_PADIR_L              0204 
           LOCAL                   ADDRESS         
           =====                   =======         
           PADIR                   0204 
           PADIR_H                 0205 
           PADIR_L                 0204 
    -------------------------------------------------------------------------
DATA16_AN
  Relative segment, address: 0206 - 0207 (0x2 bytes), align: 0
  Segment part 4. ROOT.       Intra module refs:   Init_Ports
           ENTRY                   ADDRESS         REF BY
           =====                   =======         ======
           _A_PAREN_L              0206 
           LOCAL                   ADDRESS         
           =====                   =======         
           PAREN                   0206 
           PAREN_H                 0207 
           PAREN_L                 0206 
    -------------------------------------------------------------------------
DATA16_AN
  Relative segment, address: 020A - 020B (0x2 bytes), align: 0
  Segment part 5. ROOT.       Intra module refs:   InitUart0 (uart)
                                                   Init_Ports
           ENTRY                   ADDRESS         REF BY
           =====                   =======         ======
           _A_PASEL_L              020A 
           LOCAL                   ADDRESS         
           =====                   =======         
           PASEL                   020A 
           PASEL_H                 020B 
           PASEL_L                 020A 
    -------------------------------------------------------------------------
DATA16_AN
  Relative segment, address: 0222 - 0223 (0x2 bytes), align: 0
  Segment part 6. ROOT.       Intra module refs:   Init_Ports
           ENTRY                   ADDRESS         REF BY
           =====                   =======         ======
           _A_PBOUT_L              0222 
           LOCAL                   ADDRESS         
           =====                   =======         
           PBOUT                   0222 
           PBOUT_H                 0223 
           PBOUT_L                 0222 
    -------------------------------------------------------------------------
DATA16_AN
  Relative segment, address: 0226 - 0227 (0x2 bytes), align: 0
  Segment part 7. ROOT.       Intra module refs:   Init_Ports
           ENTRY                   ADDRESS         REF BY
           =====                   =======         ======
           _A_PBREN_L              0226 
           LOCAL                   ADDRESS         
           =====                   =======         
           PBREN                   0226 
           PBREN_H                 0227 
           PBREN_L                 0226 
    -------------------------------------------------------------------------
DATA16_AN
  Relative segment, address: 022A - 022B (0x2 bytes), align: 0
  Segment part 8. ROOT.       Intra module refs:   Init_Ports
           ENTRY                   ADDRESS         REF BY
           =====                   =======         ======
           _A_PBSEL_L              022A 
           LOCAL                   ADDRESS         
           =====                   =======         
           PBSEL                   022A 
           PBSEL_H                 022B 
           PBSEL_L                 022A 
    -------------------------------------------------------------------------
DATA16_AN
  Relative segment, address: 0242 - 0243 (0x2 bytes), align: 0
  Segment part 9. ROOT.       Intra module refs:   Init_Ports
           ENTRY                   ADDRESS         REF BY
           =====                   =======         ======
           _A_PCOUT_L              0242 
           LOCAL                   ADDRESS         
           =====                   =======         
           PCOUT                   0242 
           PCOUT_H                 0243 
           PCOUT_L                 0242 
    -------------------------------------------------------------------------
DATA16_AN
  Relative segment, address: 0246 - 0247 (0x2 bytes), align: 0
  Segment part 10. ROOT.      Intra module refs:   Init_Ports
           ENTRY                   ADDRESS         REF BY
           =====                   =======         ======
           _A_PCREN_L              0246 
           LOCAL                   ADDRESS         
           =====                   =======         
           PCREN                   0246 
           PCREN_H                 0247 
           PCREN_L                 0246 
    -------------------------------------------------------------------------
DATA16_AN
  Relative segment, address: 024A - 024B (0x2 bytes), align: 0
  Segment part 11. ROOT.      Intra module refs:   Init_Clock
                                                   Init_Ports
           ENTRY                   ADDRESS         REF BY
           =====                   =======         ======
           _A_PCSEL_L              024A 
           LOCAL                   ADDRESS         
           =====                   =======         
           PCSEL                   024A 
           PCSEL_H                 024B 
           PCSEL_L                 024A 
    -------------------------------------------------------------------------
DATA16_AN
  Relative segment, address: 0262 - 0263 (0x2 bytes), align: 0
  Segment part 12. ROOT.      Intra module refs:   Init_Ports
           ENTRY                   ADDRESS         REF BY
           =====                   =======         ======
           _A_PDOUT_L              0262 
           LOCAL                   ADDRESS         
           =====                   =======         
           PDOUT                   0262 
           PDOUT_H                 0263 
           PDOUT_L                 0262 
    -------------------------------------------------------------------------
DATA16_AN
  Relative segment, address: 0264 - 0265 (0x2 bytes), align: 0
  Segment part 13. ROOT.      Intra module refs:   Init_Ports
           ENTRY                   ADDRESS         REF BY
           =====                   =======         ======
           _A_PDDIR_L              0264 
           LOCAL                   ADDRESS         
           =====                   =======         
           PDDIR                   0264 
           PDDIR_H                 0265 
           PDDIR_L                 0264 
    -------------------------------------------------------------------------
DATA16_AN
  Relative segment, address: 0266 - 0267 (0x2 bytes), align: 0
  Segment part 14. ROOT.      Intra module refs:   Init_Ports
           ENTRY                   ADDRESS         REF BY
           =====                   =======         ======
           _A_PDREN_L              0266 
           LOCAL                   ADDRESS         
           =====                   =======         
           PDREN                   0266 
           PDREN_H                 0267 
           PDREN_L                 0266 
    -------------------------------------------------------------------------
DATA16_AN
  Relative segment, address: 026A - 026B (0x2 bytes), align: 0
  Segment part 15. ROOT.      Intra module refs:   Init_Clock
                                                   Init_Ports
           ENTRY                   ADDRESS         REF BY
           =====                   =======         ======
           _A_PDSEL_L              026A 
           LOCAL                   ADDRESS         
           =====                   =======         
           PDSEL                   026A 
           PDSEL_H                 026B 
           PDSEL_L                 026A 
    -------------------------------------------------------------------------
DATA16_AN
  Relative segment, address: 0282 - 0283 (0x2 bytes), align: 0
  Segment part 16. ROOT.      Intra module refs:   Init_Ports
           ENTRY                   ADDRESS         REF BY
           =====                   =======         ======
           _A_PEOUT_L              0282 
           LOCAL                   ADDRESS         
           =====                   =======         
           PEOUT                   0282 
           PEOUT_H                 0283 
           PEOUT_L                 0282 
    -------------------------------------------------------------------------
DATA16_AN
  Relative segment, address: 0286 - 0287 (0x2 bytes), align: 0
  Segment part 17. ROOT.      Intra module refs:   Init_Ports
           ENTRY                   ADDRESS         REF BY
           =====                   =======         ======
           _A_PEREN_L              0286 
           LOCAL                   ADDRESS         
           =====                   =======         
           PEREN                   0286 
           PEREN_H                 0287 
           PEREN_L                 0286 
    -------------------------------------------------------------------------
DATA16_AN
  Relative segment, address: 028A - 028B (0x2 bytes), align: 0
  Segment part 18. ROOT.      Intra module refs:   Init_Ports
           ENTRY                   ADDRESS         REF BY
           =====                   =======         ======
           _A_PESEL_L              028A 
           LOCAL                   ADDRESS         
           =====                   =======         
           PESEL                   028A 
           PESEL_H                 028B 
           PESEL_L                 028A 
    -------------------------------------------------------------------------
DATA16_AN
  Relative segment, address: 0322 - 0323 (0x2 bytes), align: 0
  Segment part 19. ROOT.      Intra module refs:   InitUart0 (uart)
                                                   Init_Ports
           ENTRY                   ADDRESS         REF BY
           =====                   =======         ======
           _A_PJOUT_L              0322 
           LOCAL                   ADDRESS         
           =====                   =======         
           PJOUT                   0322 
           PJOUT_H                 0323 
           PJOUT_L                 0322 
    -------------------------------------------------------------------------
DATA16_AN
  Relative segment, address: 0324 - 0325 (0x2 bytes), align: 0
  Segment part 20. ROOT.      Intra module refs:   Init_Ports
           ENTRY                   ADDRESS         REF BY
           =====                   =======         ======
           _A_PJDIR_L              0324 
           LOCAL                   ADDRESS         
           =====                   =======         
           PJDIR                   0324 
           PJDIR_H                 0325 
           PJDIR_L                 0324 
    -------------------------------------------------------------------------
DATA16_AN
  Relative segment, address: 01D0 - 01D1 (0x2 bytes), align: 0
  Segment part 22. ROOT.      Intra module refs:   Port_Mapping
           ENTRY                   ADDRESS         REF BY
           =====                   =======         ======
           _A_P2MAP01_L            01D0 
           LOCAL                   ADDRESS         
           =====                   =======         
           P2MAP01                 01D0 
           P2MAP01_H               01D1 
           P2MAP01_L               01D0 
    -------------------------------------------------------------------------
DATA16_AN
  Relative segment, address: 0166 - 0167 (0x2 bytes), align: 0
  Segment part 23. ROOT.      Intra module refs:   Init_Clock
           ENTRY                   ADDRESS         REF BY
           =====                   =======         ======
           _A_UCSCTL3_L            0166 
           LOCAL                   ADDRESS         
           =====                   =======         
           UCSCTL3                 0166 
           UCSCTL3_H               0167 
           UCSCTL3_L               0166 
    -------------------------------------------------------------------------
DATA16_AN
  Relative segment, address: 015C - 015D (0x2 bytes), align: 0
  Segment part 26. ROOT.      Intra module refs:   Init_StartUp
           ENTRY                   ADDRESS         REF BY
           =====                   =======         ======
           _A_WDTCTL_L             015C 
           LOCAL                   ADDRESS         
           =====                   =======         
           WDTCTL                  015C 
           WDTCTL_H                015D 
           WDTCTL_L                015C 
    -------------------------------------------------------------------------
<CODE> 1 (was CODE)
  Relative segment, address: 9542 - 9583 (0x42 bytes), align: 1
  Segment part 32.            Intra module refs:   Init_StartUp
           ENTRY                   ADDRESS         REF BY
           =====                   =======         ======
           Init_Clock              9542 
               calls direct
               CSTACK = 00000000 ( 00000004 )
    -------------------------------------------------------------------------
<CODE> 1 (was CODE)
  Relative segment, address: 922C - 9285 (0x5a bytes), align: 1
  Segment part 31.            Intra module refs:   Init_StartUp
           ENTRY                   ADDRESS         REF BY
           =====                   =======         ======
           Init_Ports              922C 
               CSTACK = 00000000 ( 00000004 )
    -------------------------------------------------------------------------
<CODE> 1 (was CODE)
  Relative segment, address: 9742 - 976B (0x2a bytes), align: 1
  Segment part 30.
           ENTRY                   ADDRESS         REF BY
           =====                   =======         ======
           Init_StartUp            9742            main (main)
               calls direct
               CSTACK = 00000000 ( 00000004 )
    -------------------------------------------------------------------------
<CODE> 1 (was CODE)
  Relative segment, address: 97BC - 97E1 (0x26 bytes), align: 1
  Segment part 29.
           ENTRY                   ADDRESS         REF BY
           =====                   =======         ======
           ConfigUSB               97BC            main (main)
               calls direct
               CSTACK = 00000000 ( 00000004 )
    -------------------------------------------------------------------------
<CODE> 1 (was CODE)
  Relative segment, address: 98D4 - 98EF (0x1c bytes), align: 1
  Segment part 28.            Intra module refs:   Init_StartUp
           ENTRY                   ADDRESS         REF BY
           =====                   =======         ======
           Port_Mapping            98D4 
               CSTACK = 00000000 ( 00000004 )

    *************************************************************************

  FILE NAME : C:\Users\a0272600\Documents\Work\Apps\BSL\RocketBSL\MSPBSL_USB_Tool_lreynoso\Debug\Obj\main.r43
  PROGRAM MODULE, NAME : main

  SEGMENTS IN THE MODULE
  ======================
DATA16_AN
  Relative segment, address: 0198 - 0199 (0x2 bytes), align: 0
  Segment part 3. ROOT.       Intra module refs:   UNMI_ISR
           ENTRY                   ADDRESS         REF BY
           =====                   =======         ======
           _A_SYSBERRIV_L          0198 
           LOCAL                   ADDRESS         
           =====                   =======         
           SYSBERRIV               0198 
           SYSBERRIV_H             0199 
           SYSBERRIV_L             0198 
    -------------------------------------------------------------------------
DATA16_AN
  Relative segment, address: 019A - 019B (0x2 bytes), align: 0
  Segment part 4. ROOT.       Intra module refs:   UNMI_ISR
           ENTRY                   ADDRESS         REF BY
           =====                   =======         ======
           _A_SYSUNIV_L            019A 
           LOCAL                   ADDRESS         
           =====                   =======         
           SYSUNIV                 019A 
           SYSUNIV_H               019B 
           SYSUNIV_L               019A 
    -------------------------------------------------------------------------
<CODE> 1 (was CODE)
  Relative segment, address: 9808 - 982D (0x26 bytes), align: 1
  Segment part 9.
           ENTRY                   ADDRESS         REF BY
           =====                   =======         ======
           main                    9808            Segment part 22 (?cstart)
               calls direct
               CSTACK = 00000000 ( 00000004 )
    -------------------------------------------------------------------------
ISR_CODE
  Relative segment, address: 812C - 815F (0x34 bytes), align: 1
  Segment part 8.             Intra module refs:   UNMI_ISR::??INTVEC 122
           ENTRY                   ADDRESS         REF BY
           =====                   =======         ======
           UNMI_ISR                812C 
               interrupt function
               calls direct
               CSTACK = 00000000 ( 0000000C )
    -------------------------------------------------------------------------
INTVEC
  Common segment, address: FF80 - FFFB (0x7c bytes), align: 1
  Segment part 6. ROOT.
           ENTRY                   ADDRESS         REF BY
           =====                   =======         ======
           UNMI_ISR::??INTVEC 122
                                   FFFA 

    *************************************************************************

  FILE NAME : C:\Users\a0272600\Documents\Work\Apps\BSL\RocketBSL\MSPBSL_USB_Tool_lreynoso\Debug\Obj\timer.r43
  PROGRAM MODULE, NAME : timer

  SEGMENTS IN THE MODULE
  ======================
DATA16_AN
  Relative segment, address: 0400 - 0401 (0x2 bytes), align: 0
  Segment part 1. ROOT.       Intra module refs:   Init_TimerA2
           ENTRY                   ADDRESS         REF BY
           =====                   =======         ======
           TA2CTL                  0400 
    -------------------------------------------------------------------------
DATA16_AN
  Relative segment, address: 0402 - 0403 (0x2 bytes), align: 0
  Segment part 2. ROOT.       Intra module refs:   Init_TimerA2
           ENTRY                   ADDRESS         REF BY
           =====                   =======         ======
           TA2CCTL0                0402 
    -------------------------------------------------------------------------
DATA16_AN
  Relative segment, address: 0412 - 0413 (0x2 bytes), align: 0
  Segment part 3. ROOT.       Intra module refs:   Init_TimerA2
           ENTRY                   ADDRESS         REF BY
           =====                   =======         ======
           TA2CCR0                 0412 
    -------------------------------------------------------------------------
<CODE> 1 (was CODE)
  Relative segment, address: 98B4 - 98D3 (0x20 bytes), align: 1
  Segment part 7.
           ENTRY                   ADDRESS         REF BY
           =====                   =======         ======
           Init_TimerA2            98B4            main (main)
               CSTACK = 00000000 ( 00000004 )
    -------------------------------------------------------------------------
ISR_CODE
  Relative segment, address: 8160 - 816D (0xe bytes), align: 1
  Segment part 6.             Intra module refs:   TIMER2_A0_ISR::??INTVEC 80
           ENTRY                   ADDRESS         REF BY
           =====                   =======         ======
           TIMER2_A0_ISR           8160 
               interrupt function
               calls direct
               CSTACK = 00000000 ( 0000000C )
    -------------------------------------------------------------------------
INTVEC
  Common segment, address: FF80 - FFD1 (0x52 bytes), align: 1
  Segment part 4. ROOT.
           ENTRY                   ADDRESS         REF BY
           =====                   =======         ======
           TIMER2_A0_ISR::??INTVEC 80
                                   FFD0 

    *************************************************************************

  FILE NAME : C:\Users\a0272600\Documents\Work\Apps\BSL\RocketBSL\MSPBSL_USB_Tool_lreynoso\Debug\Obj\uart.r43
  PROGRAM MODULE, NAME : uart

  SEGMENTS IN THE MODULE
  ======================
DATA16_AN
  Relative segment, address: 0502 - 0503 (0x2 bytes), align: 0
  Segment part 2. ROOT.       Intra module refs:   SetupDmaForUart0
           ENTRY                   ADDRESS         REF BY
           =====                   =======         ======
           _A_DMACTL1_L            0502 
           LOCAL                   ADDRESS         
           =====                   =======         
           DMACTL1                 0502 
           DMACTL1_H               0503 
           DMACTL1_L               0502 
    -------------------------------------------------------------------------
DATA16_AN
  Relative segment, address: 050E - 050F (0x2 bytes), align: 0
  Segment part 4. ROOT.       Intra module refs:   DMA_ISR
           ENTRY                   ADDRESS         REF BY
           =====                   =======         ======
           _A_DMAIV_L              050E 
           LOCAL                   ADDRESS         
           =====                   =======         
           DMAIV                   050E 
           DMAIV_H                 050F 
           DMAIV_L                 050E 
    -------------------------------------------------------------------------
DATA16_AN
  Relative segment, address: 05C0 - 05C1 (0x2 bytes), align: 0
  Segment part 16. ROOT.      Intra module refs:   InitUart0
           ENTRY                   ADDRESS         REF BY
           =====                   =======         ======
           _A_UCA0CTLW0_L          05C0 
           LOCAL                   ADDRESS         
           =====                   =======         
           UCA0CTLW0               05C0 
           UCA0CTLW0_H             05C1 
           UCA0CTLW0_L             05C0 
    -------------------------------------------------------------------------
DATA16_AN
  Relative segment, address: 05C6 - 05C7 (0x2 bytes), align: 0
  Segment part 17. ROOT.      Intra module refs:   InitUart0
           ENTRY                   ADDRESS         REF BY
           =====                   =======         ======
           _A_UCA0BRW_L            05C6 
           LOCAL                   ADDRESS         
           =====                   =======         
           UCA0BRW                 05C6 
           UCA0BRW_H               05C7 
           UCA0BRW_L               05C6 
    -------------------------------------------------------------------------
DATA16_AN
  Relative segment, address: 05C8 - 05C8 (0x1 bytes), align: 0
  Segment part 18. ROOT.      Intra module refs:   InitUart0
           ENTRY                   ADDRESS         REF BY
           =====                   =======         ======
           UCA0MCTL                05C8 
    -------------------------------------------------------------------------
DATA16_AN
  Relative segment, address: 05CC - 05CC (0x1 bytes), align: 0
  Segment part 19. ROOT.      Intra module refs:   SetupDmaForUart0
           ENTRY                   ADDRESS         REF BY
           =====                   =======         ======
           UCA0RXBUF               05CC 
    -------------------------------------------------------------------------
DATA16_AN
  Relative segment, address: 05CE - 05CE (0x1 bytes), align: 0
  Segment part 20. ROOT.      Intra module refs:   SetupDmaForUart0
           ENTRY                   ADDRESS         REF BY
           =====                   =======         ======
           UCA0TXBUF               05CE 
    -------------------------------------------------------------------------
DATA16_C
  Relative segment, address: 8397 - 83BA (0x24 bytes), align: 0
  Segment part 23.            Intra module refs:   InitUart0
           ENTRY                   ADDRESS         REF BY
           =====                   =======         ======
           BaudrateList            8397 
    -------------------------------------------------------------------------
DATA16_Z
  Relative segment, address: 242A - 296F (0x546 bytes), align: 1
  Segment part 24.            Intra module refs:   CdcToUart
                                                   DMA_ISR
                                                   SetupDmaForUart0
                                                   UartToCdc
           LOCAL                   ADDRESS         
           =====                   =======         
           UartBridge              242A 
    -------------------------------------------------------------------------
<CODE> 1 (was CODE)
  Relative segment, address: 83BC - 86AF (0x2f4 bytes), align: 1
  Segment part 29.
           ENTRY                   ADDRESS         REF BY
           =====                   =======         ======
           InitUart0               83BC            Handler_SetLineCoding0 (UsbCdc)
                                                   Init_StartUp (initMCU)
               calls direct and indirect
               CSTACK = 00000000 ( 00000006 )
    -------------------------------------------------------------------------
<CODE> 1 (was CODE)
[...]
           ENTRY                   ADDRESS         REF BY
           =====                   =======         ======
           usbClearDeviceFeature   9A24            tUsbRequestList (descriptors)
               calls direct
               CSTACK = 00000000 ( 00000004 )
    -------------------------------------------------------------------------
<CODE> 1 (was CODE)
  Relative segment, address: 99EE - 99FF (0x12 bytes), align: 1
  Segment part 41.
           ENTRY                   ADDRESS         REF BY
           =====                   =======         ======
           usbSetDeviceFeature     99EE            tUsbRequestList (descriptors)
               calls direct
               CSTACK = 00000000 ( 00000004 )
    -------------------------------------------------------------------------
<CODE> 1 (was CODE)
  Relative segment, address: 95C4 - 9603 (0x40 bytes), align: 1
  Segment part 40.
           ENTRY                   ADDRESS         REF BY
           =====                   =======         ======
           usbSetEndpointFeature   95C4            tUsbRequestList (descriptors)
               calls direct
               CSTACK = 00000000 ( 00000004 )
    -------------------------------------------------------------------------
<CODE> 1 (was CODE)
  Relative segment, address: 9A54 - 9A61 (0xe bytes), align: 1
  Segment part 39.
           ENTRY                   ADDRESS         REF BY
           =====                   =======         ======
           usbSetInterface         9A54            tUsbRequestList (descriptors)
               calls direct
               CSTACK = 00000000 ( 00000004 )
    -------------------------------------------------------------------------
<CODE> 1 (was CODE)
  Relative segment, address: 9A62 - 9A6D (0xc bytes), align: 1
  Segment part 38.
           ENTRY                   ADDRESS         REF BY
           =====                   =======         ======
           usbInvalidRequest       9A62            tUsbRequestList (descriptors)
               calls direct
               CSTACK = 00000000 ( 00000004 )
    -------------------------------------------------------------------------
<CODE> 1 (was CODE)
  Relative segment, address: 8E7C - 8F29 (0xae bytes), align: 1
  Segment part 37.
           ENTRY                   ADDRESS         REF BY
           =====                   =======         ======
           usbDecodeAndProcessUsbRequest
                                   8E7C            SetupPacketInterruptHandler (UsbIsr)
               calls direct and indirect
               CSTACK = 00000000 ( 0000000C )

    *************************************************************************

  FILE NAME : C:\Users\a0272600\Documents\Work\Apps\BSL\RocketBSL\MSPBSL_USB_Tool_lreynoso\Debug\Obj\usbConstructs.r43
    *************************************************************************

  FILE NAME : C:\Users\a0272600\Documents\Work\Apps\BSL\RocketBSL\MSPBSL_USB_Tool_lreynoso\Debug\Obj\usbEventHandling.r43
  PROGRAM MODULE, NAME : usbEventHandling

  SEGMENTS IN THE MODULE
  ======================
<CODE> 1 (was CODE)
  Relative segment, address: 9AB4 - 9AB7 (0x4 bytes), align: 1
  Segment part 12.
           ENTRY                   ADDRESS         REF BY
           =====                   =======         ======
           USB_handleClockEvent    9AB4            iUsbInterruptHandler (UsbIsr)
               CSTACK = 00000000 ( 00000004 )
    -------------------------------------------------------------------------
<CODE> 1 (was CODE)
  Relative segment, address: 99A4 - 99B7 (0x14 bytes), align: 1
  Segment part 11.
           ENTRY                   ADDRESS         REF BY
           =====                   =======         ======
           USB_handleVbusOnEvent   99A4            iUsbInterruptHandler (UsbIsr)
               calls direct
               CSTACK = 00000000 ( 00000004 )
    -------------------------------------------------------------------------
<CODE> 1 (was CODE)
  Relative segment, address: 9A80 - 9A87 (0x8 bytes), align: 1
  Segment part 10.
           ENTRY                   ADDRESS         REF BY
           =====                   =======         ======
           USB_handleVbusOffEvent
                                   9A80            iUsbInterruptHandler (UsbIsr)
               calls direct
               CSTACK = 00000000 ( 00000004 )
    -------------------------------------------------------------------------
<CODE> 1 (was CODE)
  Relative segment, address: 9AB0 - 9AB3 (0x4 bytes), align: 1
  Segment part 9.
           ENTRY                   ADDRESS         REF BY
           =====                   =======         ======
           USB_handleResetEvent    9AB0            iUsbInterruptHandler (UsbIsr)
               CSTACK = 00000000 ( 00000004 )
    -------------------------------------------------------------------------
<CODE> 1 (was CODE)
  Relative segment, address: 9AA4 - 9AA7 (0x4 bytes), align: 1
  Segment part 8.
           ENTRY                   ADDRESS         REF BY
           =====                   =======         ======
           USB_handleSuspendEvent
                                   9AA4            iUsbInterruptHandler (UsbIsr)
               CSTACK = 00000000 ( 00000004 )
    -------------------------------------------------------------------------
<CODE> 1 (was CODE)
  Relative segment, address: 9AA8 - 9AAB (0x4 bytes), align: 1
  Segment part 7.
           ENTRY                   ADDRESS         REF BY
           =====                   =======         ======
           USB_handleResumeEvent   9AA8            iUsbInterruptHandler (UsbIsr)
               CSTACK = 00000000 ( 00000004 )
    -------------------------------------------------------------------------
<CODE> 1 (was CODE)
  Relative segment, address: 9AAC - 9AAF (0x4 bytes), align: 1
  Segment part 6.
           ENTRY                   ADDRESS         REF BY
           =====                   =======         ======
           USB_handleEnumCompleteEvent
                                   9AAC            usbDecodeAndProcessUsbRequest (usb)
               CSTACK = 00000000 ( 00000004 )

    *************************************************************************

  FILE NAME : C:\Program Files (x86)\IAR Systems\Embedded Workbench 5_52\430\LIB\DLIB\dl430xsfn.r43
  LIBRARY MODULE, NAME : ?__dbg_break

  SEGMENTS IN THE MODULE
  ======================
<CODE> 1 (was CODE)
  Relative segment, address: 9AC6 - 9AC7 (0x2 bytes), align: 1
  Segment part 2.
           ENTRY                   ADDRESS         REF BY
           =====                   =======         ======
           __DebugBreak            9AC6            __exit (?__exit)

    -------------------------------------------------------------------------
  LIBRARY MODULE, NAME : ?__exit

  SEGMENTS IN THE MODULE
  ======================
<CODE> 1 (was CODE)
  Relative segment, address: 9974 - 998B (0x18 bytes), align: 1
  Segment part 2.
           ENTRY                   ADDRESS         REF BY
           =====                   =======         ======
           __exit                  9974            Segment part 6 (?_exit)
                                                   _exit (?_exit)
               calls direct

    -------------------------------------------------------------------------
  LIBRARY MODULE, NAME : ?_exit

  SEGMENTS IN THE MODULE
  ======================
<CODE> 1 (was CODE)
  Relative segment, address: 9ABC, align: 1
  Segment part 0.
           ENTRY                   ADDRESS         REF BY
           =====                   =======         ======
           _exit                   9ABC            exit (?exit)
    -------------------------------------------------------------------------
<CODE> 1 (was CODE)
  Relative segment, address: 9ABC - 9ABF (0x4 bytes), align: 1
  Segment part 6.             Intra module refs:   _exit

    -------------------------------------------------------------------------
  LIBRARY MODULE, NAME : ?cstart

  SEGMENTS IN THE MODULE
  ======================
CSTACK
  Relative segment, address: 6360, align: 1
  Segment part 1.
    -------------------------------------------------------------------------
DATA16_Z
  Relative segment, address: 297A, align: 1
  Segment part 2.
    -------------------------------------------------------------------------
CSTART
  Relative segment, address: 8000 - 8003 (0x4 bytes), align: 1
  Segment part 12.
           ENTRY                   ADDRESS         REF BY
           =====                   =======         ======
           __program_start         8000            ?reset_vector (?reset_vector)
                                                   Absolute parts (?ABS_ENTRY_MOD)
           ?cstart_begin           8000 
    -------------------------------------------------------------------------
CSTART
  Relative segment, address: 8004 - 800F (0xc bytes), align: 1
  Segment part 15.
           ENTRY                   ADDRESS         REF BY
           =====                   =======         ======
           ?cstart_init_zero       8004            CdcParams (UsbCdc)
                                                   CdcReadCtrl (UsbCdc)
                                                   CdcWriteCtrl (UsbCdc)
                                                   USB_RX_memcpy (dma)
                                                   USB_TX_memcpy (dma)
                                                   UartBridge (uart)
                                                   abUsbRequestIncomingData (usb)
                                                   abUsbRequestReturnData (usb)
                                                   bConfigurationNumber (usb)
                                                   bEnumerationStatus (usb)
                                                   bFunctionSuspended (usb)
                                                   bHostAskMoreDataThanAvailable (usb)
                                                   bInterfaceNumber (usb)
                                                   bRemoteWakeup (usb)
                                                   bStatusAction (usb)
                                                   pbIEP0Buffer (usb)
                                                   pbOEP0Buffer (usb)
                                                   wBytesRemainingOnIEP0 (usb)
                                                   wBytesRemainingOnOEP0 (usb)
                                                   wUsbEventMask (usb)
    -------------------------------------------------------------------------
CSTART
  Relative segment, address: 8010 - 8017 (0x8 bytes), align: 1
  Segment part 22.            Intra module refs:   Segment part 12
           ENTRY                   ADDRESS         REF BY
           =====                   =======         ======
           ?cstart_call_main       8010 
           ?cstart_end             8018 

    -------------------------------------------------------------------------
  LIBRARY MODULE, NAME : ?reset_vector

  SEGMENTS IN THE MODULE
  ======================
RESET
  Relative segment, address: FFFE - FFFF (0x2 bytes), align: 1
  Segment part 0.
           ENTRY                   ADDRESS         REF BY
           =====                   =======         ======
           ?reset_vector           FFFE            Segment part 12 (?cstart)

    -------------------------------------------------------------------------
  LIBRARY MODULE, NAME : ?exit

  SEGMENTS IN THE MODULE
  ======================
<CODE> 1 (was CODE)
  Relative segment, address: 9AB8 - 9ABB (0x4 bytes), align: 1
  Segment part 2.
           ENTRY                   ADDRESS         REF BY
           =====                   =======         ======
           exit                    9AB8            Segment part 22 (?cstart)
               calls direct
               CSTACK = 00000000 ( 00000004 )

    -------------------------------------------------------------------------
  LIBRARY MODULE, NAME : ?memset

  SEGMENTS IN THE MODULE
  ======================
<CODE> 1 (was CODE)
  Relative segment, address: 9A12 - 9A23 (0x12 bytes), align: 1
  Segment part 2.
           ENTRY                   ADDRESS         REF BY
           =====                   =======         ======
           memset                  9A12            CdcResetData (UsbCdc)
               CSTACK = 00000000 ( 00000004 )

    -------------------------------------------------------------------------
  LIBRARY MODULE, NAME : ?memzero

  SEGMENTS IN THE MODULE
  ======================
<CODE> 1 (was CODE)
  Relative segment, address: 99CA - 99DB (0x12 bytes), align: 1
  Segment part 4.
           ENTRY                   ADDRESS         REF BY
           =====                   =======         ======
           __data16_memzero        99CA            ?cstart_init_zero (?cstart)
               CSTACK = 00000000 ( 00000004 )

    -------------------------------------------------------------------------
  LIBRARY MODULE, NAME : ?IndCallR9

  SEGMENTS IN THE MODULE
  ======================
<CODE> 1 (was CODE)
  Relative segment, address: 9AC0 - 9AC3 (0x4 bytes), align: 1
  Segment part 0.
           ENTRY                   ADDRESS         REF BY
           =====                   =======         ======
           ?IndCallR9              9AC0            usbDecodeAndProcessUsbRequest (usb)




                ****************************************
                *                                      *
                *            MODULE SUMMARY            *
                *                                      *
                ****************************************

Module               CODE      DATA      CONST
------               ----      ----      -----
                    (Rel)  (Rel)  (Abs)  (Rel)
?IndCallR9              4
?__dbg_break            2
?__exit                24
?_exit                  4
?cstart                24
?exit                   4
?memset                18
?memzero               18
?reset_vector           2
HAL_FLASH                             4
HAL_PMAP                              2
  + shared                            2
HAL_PMM               454            10
HAL_TLV                80
HAL_UCS               284             6
  + shared                            8
UsbCdc                296     34      1
  + shared                            2
UsbIsr                570             2
  + shared            104            10
  + common
descriptors                                501
dma                   148      8     12
  + shared                           28
initMCU               264            40
  + shared                            4
main                   90             4
  + common            124
timer                  46             6
  + common             82
uart                1 868  1 350     11     36
  + common            102
usb                 2 074     67    150
usbEventHandling       48
N/A (command line)           160
N/A (alignment)
----------          -----  -----    ---    ---
Total:              6 322  1 619    302    537
  + common            124


                ****************************************
                *                                      *
                *      SEGMENTS IN ADDRESS ORDER       *
                *                                      *
                ****************************************


SEGMENT              SPACE    START ADDRESS   END ADDRESS     SIZE  TYPE  ALIGN
=======              =====    =============   ===========     ====  ====  =====
DATA16_AN                              0102 - 0103               2   rel    0
                                       0120 - 0121               2 
                                       0124 - 0127               4 
                                       012C - 012F               4 
                                       0140 - 0141               2 
                                       0144 - 0145               2 
                                       015C - 015D               2 
                                       0160 - 0169               A 
                                       016C - 016F               4 
                                       0198 - 019B               4 
                                       01C0 - 01C3               4 
                                       01D0 - 01D1               2 
                                       0202 - 0207               6 
                                       020A - 020B               2 
                                       0222 - 0223               2 
                                       0226 - 0227               2 
                                       022A - 022B               2 
                                       0242 - 0243               2 
                                       0246 - 0247               2 
                                       024A - 024B               2 
                                       0262 - 0267               6 
                                       026A - 026B               2 
                                       0282 - 0283               2 
                                       0286 - 0287               2 
                                       028A - 028B               2 
                                       0322 - 0325               4 
                                       0400 - 0403               4 
                                       0412 - 0413               2 
                                       049C - 049D               2 
                                       0500 - 0503               4 
                                       0508 - 0509               2 
                                       050E - 051B               E 
                                       0520 - 052B               C 
                                       0530 - 053B               C 
                                       05C0 - 05C1               2 
                                       05C6 - 05C8               3 
                                       05CC - 05CC               1 
                                       05CE - 05CE               1 
                                       0900 - 0905               6 
                                       0908 - 0909               2 
                                       0910 - 0915               6 
                                       0920 - 0923               4 
                                       092E - 0930               3 
                                       0932 - 0933               2 
                                       093C - 093F               4 
                                       2370 - 23BF              50 
                                       23C8 - 23FF              38 
DATA16_I                                  2400                       dse    0
DATA16_Z                               2400 - 2990             591   rel    1
DATA16_N                               2991 - 29B2              22   rel    0
CSTACK                                 6360 - 63FF              A0   rel    1
CSTART                                 8000 - 8017              18   rel    1
ISR_CODE                               8018 - 81A1             18A   rel    1
DATA16_C                               81A2 - 83BA             219   rel    1
<CODE> 1                               83BC - 9AC9            170E   rel    1
INTVEC                                 FF80 - FFFB              7C   com    1
RESET                                  FFFE - FFFF               2   rel    1

                ****************************************
                *                                      *
                *        END OF CROSS REFERENCE        *
                *                                      *
                ****************************************

 6 446 bytes of CODE  memory
 1 619 bytes of DATA  memory (+ 302 absolute )
   537 bytes of CONST memory

Errors: none
Warnings: none

