################################################################################
#                                                                              #
#      IAR Universal Linker V5.2.1.11                                          #
#                                                                              #
#           Link time     =  27/Oct/2011  18:05:33                             #
#           Target CPU    =  MSP430                                            #
#           List file     =  "c:\Documents and Settings\a0196876\Desktop\_Temp #
#                            \USB2RS232\CDC_UART_Bridge\Debug\List\CDC_UART_Br #
#                            idge_F6638.map"                                   #
#           Output file 1 =  "c:\Documents and Settings\a0196876\Desktop\_Temp #
#                            \USB2RS232\CDC_UART_Bridge\Debug\Exe\CDC_UART_Bri #
#                            dge_F6638.txt"                                    #
#                            Format: msp430_txt                                #
#           Output file 2 =  "c:\Documents and Settings\a0196876\Desktop\_Temp #
#                            \USB2RS232\CDC_UART_Bridge\Debug\Exe\CDC_UART_Bri #
#                            dge_F6638.d43"                                    #
#                            Format: debug                                     #
#                            UBROF version 10.0.6                              #
#                            Using library modules for C-SPY (-rt)             #
#           Command line  =  "c:\Documents and Settings\a0196876\Desktop\_Temp #
#                            \USB2RS232\CDC_UART_Bridge\Debug\Obj\HAL_FLASH.r4 #
#                            3"                                                #
#                            "c:\Documents and Settings\a0196876\Desktop\_Temp #
#                            \USB2RS232\CDC_UART_Bridge\Debug\Obj\HAL_PMAP.r43 #
#                            "                                                 #
#                            "c:\Documents and Settings\a0196876\Desktop\_Temp #
#                            \USB2RS232\CDC_UART_Bridge\Debug\Obj\HAL_PMM.r43" #
#                            "c:\Documents and Settings\a0196876\Desktop\_Temp #
#                            \USB2RS232\CDC_UART_Bridge\Debug\Obj\HAL_TLV.r43" #
#                            "c:\Documents and Settings\a0196876\Desktop\_Temp #
#                            \USB2RS232\CDC_UART_Bridge\Debug\Obj\HAL_UCS.r43" #
#                            "c:\Documents and Settings\a0196876\Desktop\_Temp #
#                            \USB2RS232\CDC_UART_Bridge\Debug\Obj\UsbCdc.r43"  #
#                            "c:\Documents and Settings\a0196876\Desktop\_Temp #
#                            \USB2RS232\CDC_UART_Bridge\Debug\Obj\UsbIsr.r43"  #
#                            "c:\Documents and Settings\a0196876\Desktop\_Temp #
#                            \USB2RS232\CDC_UART_Bridge\Debug\Obj\descriptors. #
#                            r43"                                              #
#                            "c:\Documents and Settings\a0196876\Desktop\_Temp #
#                            \USB2RS232\CDC_UART_Bridge\Debug\Obj\dma.r43"     #
#                            "c:\Documents and Settings\a0196876\Desktop\_Temp #
#                            \USB2RS232\CDC_UART_Bridge\Debug\Obj\initMCU.r43" #
#                            "c:\Documents and Settings\a0196876\Desktop\_Temp #
#                            \USB2RS232\CDC_UART_Bridge\Debug\Obj\main.r43"    #
#                            "c:\Documents and Settings\a0196876\Desktop\_Temp #
#                            \USB2RS232\CDC_UART_Bridge\Debug\Obj\timer.r43"   #
#                            "c:\Documents and Settings\a0196876\Desktop\_Temp #
#                            \USB2RS232\CDC_UART_Bridge\Debug\Obj\uart.r43"    #
#                            "c:\Documents and Settings\a0196876\Desktop\_Temp #
#                            \USB2RS232\CDC_UART_Bridge\Debug\Obj\usb.r43"     #
#                            "c:\Documents and Settings\a0196876\Desktop\_Temp #
#                            \USB2RS232\CDC_UART_Bridge\Debug\Obj\usbConstruct #
#                            s.r43"                                            #
#                            "c:\Documents and Settings\a0196876\Desktop\_Temp #
#                            \USB2RS232\CDC_UART_Bridge\Debug\Obj\usbEventHand #
#                            ling.r43"                                         #
#                            -o                                                #
#                            "c:\Documents and Settings\a0196876\Desktop\_Temp #
#                            \USB2RS232\CDC_UART_Bridge\Debug\Exe\CDC_UART_Bri #
#                            dge_F6638.d43"                                    #
#                            -l                                                #
#                            "c:\Documents and Settings\a0196876\Desktop\_Temp #
#                            \USB2RS232\CDC_UART_Bridge\Debug\List\CDC_UART_Br #
#                            idge_F6638.map"                                   #
#                            -xmso                                             #
#                            "-IC:\Program Files\IAR Systems\Embedded Workbenc #
#                            h 6.0_5.30_full\430\LIB\"                         #
#                            -f                                                #
#                            "C:\Program Files\IAR Systems\Embedded Workbench  #
#                            6.0_5.30_full\430\CONFIG\lnk430F6638.xcl"         #
#                            (-cmsp430 -QCODE_I=CODE_ID                        #
#                            -Z(DATA)DATA16_I,DATA16_Z,DATA16_N,DATA16_HEAP+_D #
#                            ATA16_HEAP_SIZE=2400-63FF                         #
#                            -Z(DATA)CODE_I                                    #
#                            -Z(DATA)DATA20_I,DATA20_Z,DATA20_N,DATA20_HEAP+_D #
#                            ATA20_HEAP_SIZE                                   #
#                            -Z(DATA)CSTACK+_STACK_SIZE#                       #
#                            -Z(CONST)INFO=1800-19FF                           #
#                            -Z(CONST)INFOA=1980-19FF                          #
#                            -Z(CONST)INFOB=1900-197F                          #
#                            -Z(CONST)INFOC=1880-18FF                          #
#                            -Z(CONST)INFOD=1800-187F                          #
#                            -Z(CODE)CSTART,ISR_CODE=8000-FF7F                 #
#                            -Z(CONST)DATA16_C,DATA16_ID,DIFUNCT,CHECKSUM=8000 #
#                            -FF7F                                             #
#                            -P(CODE)CODE=8000-FF7F,10000-47FFF                #
#                            -Z(CODE)CODE_ID                                   #
#                            -Z(CONST)DATA20_C,DATA20_ID=8000-FF7F,10000-47FFF #
#                            -Z(CODE)INTVEC=FF80-FFFF                          #
#                            -Z(CODE)RESET=FFFE-FFFF) -f                       #
#                            "C:\Program Files\IAR Systems\Embedded Workbench  #
#                            6.0_5.30_full\430\config\multiplier32_loc2.xcl"   #
#                            (-e?Mul8HwLoc2=?Mul8 -e?Mul16HwLoc2=?Mul16        #
#                            -e?Mul16to32uHwLoc2=?Mul16to32u                   #
#                            -e?Mul16to32sHwLoc2=?Mul16to32s                   #
#                            -e?Mul32Hw32Loc2=?Mul32                           #
#                            -e?Mul64Hw32Loc2=_Mul64i                          #
#                            -e?Mul32u32uto64iHw32Loc2=_Mul32u32uto64i         #
#                            -e?Mul32fHwLoc2=_Mul32f                           #
#                            -e_Mul64fHwPtrLoc2=_Mul64fPtr) -D_STACK_SIZE=A0   #
#                            -rt                                               #
#                            "C:\Program Files\IAR Systems\Embedded Workbench  #
#                            6.0_5.30_full\430\LIB\DLIB\dl430xsfn.r43"         #
#                            -D_DATA16_HEAP_SIZE=A0                            #
#                            "-Omsp430_txt=c:\Documents and Settings\a0196876\ #
#                            Desktop\_Temp\USB2RS232\CDC_UART_Bridge\Debug\Exe #
#                            \CDC_UART_Bridge_F6638.txt"                       #
#                            -s __program_start -D_DATA20_HEAP_SIZE=50         #
#                                                                              #
#                           Copyright (C) 1987-2011 IAR Systems AB.            #
################################################################################





                ****************************************
                *                                      *
                *           CROSS REFERENCE            *
                *                                      *
                ****************************************

       Program entry at :           8000  Relocatable, from module : ?cstart




                ****************************************
                *                                      *
                *            RUNTIME MODEL             *
                *                                      *
                ****************************************

  __Heap_Handler             = Basic
  __SystemLibrary            = DLib
  __core                     = 430X
  __data_model               = small
  __dlib_file_descriptor     = 0
  __dlib_full_locale_support = 0
  __double_size              = 32
  __pic                      = no
  __reg_r4                   = free
  __reg_r5                   = free
  __rt_version               = 3

                ****************************************
                *                                      *
                *    AUTOMATIC SYMBOL REDIRECTIONS     *
                *                                      *
                ****************************************




                ****************************************
                *                                      *
                *              MODULE MAP              *
                *                                      *
                ****************************************


  DEFINED ABSOLUTE ENTRIES
    *************************************************************************

  DEFINED ABSOLUTE ENTRIES
  PROGRAM MODULE, NAME : ?ABS_ENTRY_MOD

Absolute parts
           ENTRY                   ADDRESS         REF BY
           =====                   =======         ======
           _DATA20_HEAP_SIZE       0050 
           _DATA16_HEAP_SIZE       00A0 
           _STACK_SIZE             00A0 
    *************************************************************************

  FILE NAME : c:\Documents and Settings\a0196876\Desktop\_Temp\USB2RS232\CDC_UART_Bridge\Debug\Obj\HAL_FLASH.r43
  PROGRAM MODULE, NAME : HAL_FLASH

  SEGMENTS IN THE MODULE
  ======================
DATA16_AN
  Relative segment, address: 0140 - 0141 (0x2 bytes), align: 0
  Segment part 1. ROOT.
           ENTRY                   ADDRESS         REF BY
           =====                   =======         ======
           _A_FCTL1_L              0140 
           LOCAL                   ADDRESS         
           =====                   =======         
           FCTL1                   0140 
           FCTL1_H                 0141 
           FCTL1_L                 0140 
    -------------------------------------------------------------------------
DATA16_AN
  Relative segment, address: 0144 - 0145 (0x2 bytes), align: 0
  Segment part 2. ROOT.
           ENTRY                   ADDRESS         REF BY
           =====                   =======         ======
           _A_FCTL3_L              0144 
           LOCAL                   ADDRESS         
           =====                   =======         
           FCTL3                   0144 
           FCTL3_H                 0145 
           FCTL3_L                 0144 

    *************************************************************************

  FILE NAME : c:\Documents and Settings\a0196876\Desktop\_Temp\USB2RS232\CDC_UART_Bridge\Debug\Obj\HAL_PMAP.r43
  PROGRAM MODULE, NAME : HAL_PMAP

  SEGMENTS IN THE MODULE
  ======================
DATA16_AN
  Relative segment, address: 01C0 - 01C1 (0x2 bytes), align: 0
  Segment part 1. ROOT.       Intra module refs:   Port_Mapping (initMCU)
           ENTRY                   ADDRESS         REF BY
           =====                   =======         ======
           _A_PMAPKEYID_L          01C0 
           LOCAL                   ADDRESS         
           =====                   =======         
           PMAPKEYID               01C0 
           PMAPKEYID_H             01C1 
           PMAPKEYID_L             01C0 
    -------------------------------------------------------------------------
DATA16_AN
  Relative segment, address: 01C2 - 01C3 (0x2 bytes), align: 0
  Segment part 2. ROOT.
           ENTRY                   ADDRESS         REF BY
           =====                   =======         ======
           _A_PMAPCTL_L            01C2 
           LOCAL                   ADDRESS         
           =====                   =======         
           PMAPCTL                 01C2 
           PMAPCTL_H               01C3 
           PMAPCTL_L               01C2 

    *************************************************************************

  FILE NAME : c:\Documents and Settings\a0196876\Desktop\_Temp\USB2RS232\CDC_UART_Bridge\Debug\Obj\HAL_PMM.r43
  PROGRAM MODULE, NAME : HAL_PMM

  SEGMENTS IN THE MODULE
  ======================
DATA16_AN
  Relative segment, address: 0120 - 0121 (0x2 bytes), align: 0
  Segment part 1. ROOT.       Intra module refs:   SetVCore
                                                   SetVCoreDown
                                                   SetVCoreUp
           ENTRY                   ADDRESS         REF BY
           =====                   =======         ======
           _A_PMMCTL0_L            0120 
           LOCAL                   ADDRESS         
           =====                   =======         
           PMMCTL0                 0120 
           PMMCTL0_H               0121 
           PMMCTL0_L               0120 
    -------------------------------------------------------------------------
DATA16_AN
  Relative segment, address: 0124 - 0125 (0x2 bytes), align: 0
  Segment part 2. ROOT.       Intra module refs:   SetVCoreDown
                                                   SetVCoreUp
           ENTRY                   ADDRESS         REF BY
           =====                   =======         ======
           _A_SVSMHCTL_L           0124 
           LOCAL                   ADDRESS         
           =====                   =======         
           SVSMHCTL                0124 
           SVSMHCTL_H              0125 
           SVSMHCTL_L              0124 
    -------------------------------------------------------------------------
DATA16_AN
  Relative segment, address: 0126 - 0127 (0x2 bytes), align: 0
  Segment part 3. ROOT.       Intra module refs:   SetVCoreDown
                                                   SetVCoreUp
           ENTRY                   ADDRESS         REF BY
           =====                   =======         ======
           _A_SVSMLCTL_L           0126 
           LOCAL                   ADDRESS         
           =====                   =======         
           SVSMLCTL                0126 
           SVSMLCTL_H              0127 
           SVSMLCTL_L              0126 
    -------------------------------------------------------------------------
DATA16_AN
  Relative segment, address: 012C - 012D (0x2 bytes), align: 0
  Segment part 4. ROOT.       Intra module refs:   SetVCoreDown
                                                   SetVCoreUp
           ENTRY                   ADDRESS         REF BY
           =====                   =======         ======
           _A_PMMIFG_L             012C 
           LOCAL                   ADDRESS         
           =====                   =======         
           PMMIFG                  012C 
           PMMIFG_H                012D 
           PMMIFG_L                012C 
    -------------------------------------------------------------------------
DATA16_AN
  Relative segment, address: 012E - 012F (0x2 bytes), align: 0
  Segment part 5. ROOT.       Intra module refs:   SetVCoreDown
                                                   SetVCoreUp
           ENTRY                   ADDRESS         REF BY
           =====                   =======         ======
           _A_PMMRIE_L             012E 
           LOCAL                   ADDRESS         
           =====                   =======         
           PMMRIE                  012E 
           PMMRIE_H                012F 
           PMMRIE_L                012E 
    -------------------------------------------------------------------------
<CODE> 1 (was CODE)
  Relative segment, address: 8BCE - 8CA9 (0xdc bytes), align: 1
  Segment part 8.             Intra module refs:   SetVCore
           LOCAL                   ADDRESS         
           =====                   =======         
           SetVCoreUp              8BCE 
               CSTACK = 00000000 ( 00000008 )
    -------------------------------------------------------------------------
<CODE> 1 (was CODE)
  Relative segment, address: 8EEC - 8F89 (0x9e bytes), align: 1
  Segment part 7.             Intra module refs:   SetVCore
           LOCAL                   ADDRESS         
           =====                   =======         
           SetVCoreDown            8EEC 
               CSTACK = 00000000 ( 0000000C )
    -------------------------------------------------------------------------
<CODE> 1 (was CODE)
  Relative segment, address: 9450 - 949B (0x4c bytes), align: 1
  Segment part 9.
           ENTRY                   ADDRESS         REF BY
           =====                   =======         ======
           SetVCore                9450            Init_StartUp (initMCU)
               calls direct
               CSTACK = 00000000 ( 00000008 )

    *************************************************************************

  FILE NAME : c:\Documents and Settings\a0196876\Desktop\_Temp\USB2RS232\CDC_UART_Bridge\Debug\Obj\HAL_TLV.r43
  PROGRAM MODULE, NAME : HAL_TLV

  SEGMENTS IN THE MODULE
  ======================
<CODE> 1 (was CODE)
  Relative segment, address: 9400 - 944F (0x50 bytes), align: 1
  Segment part 2.
           ENTRY                   ADDRESS         REF BY
           =====                   =======         ======
           Get_TLV_Info            9400            USB_InitSerialStringDescriptor (usb)
               CSTACK = 00000000 ( 00000008 )

    *************************************************************************

  FILE NAME : c:\Documents and Settings\a0196876\Desktop\_Temp\USB2RS232\CDC_UART_Bridge\Debug\Obj\HAL_UCS.r43
  PROGRAM MODULE, NAME : HAL_UCS

  SEGMENTS IN THE MODULE
  ======================
DATA16_AN
  Relative segment, address: 0102 - 0103 (0x2 bytes), align: 0
  Segment part 1. ROOT.       Intra module refs:   Init_FLL
                                                   UNMI_ISR (main)
                                                   XT2_Start
           ENTRY                   ADDRESS         REF BY
           =====                   =======         ======
           _A_SFRIFG1_L            0102 
           LOCAL                   ADDRESS         
           =====                   =======         
           SFRIFG1                 0102 
           SFRIFG1_H               0103 
           SFRIFG1_L               0102 
    -------------------------------------------------------------------------
DATA16_AN
  Relative segment, address: 0160 - 0161 (0x2 bytes), align: 0
  Segment part 2. ROOT.       Intra module refs:   Init_FLL
           ENTRY                   ADDRESS         REF BY
           =====                   =======         ======
           _A_UCSCTL0_L            0160 
           LOCAL                   ADDRESS         
           =====                   =======         
           UCSCTL0                 0160 
           UCSCTL0_H               0161 
           UCSCTL0_L               0160 
    -------------------------------------------------------------------------
DATA16_AN
  Relative segment, address: 0162 - 0163 (0x2 bytes), align: 0
  Segment part 3. ROOT.       Intra module refs:   Init_FLL
           ENTRY                   ADDRESS         REF BY
           =====                   =======         ======
           _A_UCSCTL1_L            0162 
           LOCAL                   ADDRESS         
           =====                   =======         
           UCSCTL1                 0162 
           UCSCTL1_H               0163 
           UCSCTL1_L               0162 
    -------------------------------------------------------------------------
DATA16_AN
  Relative segment, address: 0164 - 0165 (0x2 bytes), align: 0
  Segment part 4. ROOT.       Intra module refs:   Init_FLL
           ENTRY                   ADDRESS         REF BY
           =====                   =======         ======
           _A_UCSCTL2_L            0164 
           LOCAL                   ADDRESS         
           =====                   =======         
           UCSCTL2                 0164 
           UCSCTL2_H               0165 
           UCSCTL2_L               0164 
    -------------------------------------------------------------------------
DATA16_AN
  Relative segment, address: 0168 - 0169 (0x2 bytes), align: 0
  Segment part 5. ROOT.       Intra module refs:   Init_Clock (initMCU)
                                                   Init_FLL
           ENTRY                   ADDRESS         REF BY
           =====                   =======         ======
           _A_UCSCTL4_L            0168 
           LOCAL                   ADDRESS         
           =====                   =======         
           UCSCTL4                 0168 
           UCSCTL4_H               0169 
           UCSCTL4_L               0168 
    -------------------------------------------------------------------------
DATA16_AN
  Relative segment, address: 016C - 016D (0x2 bytes), align: 0
  Segment part 6. ROOT.       Intra module refs:   Init_Clock (initMCU)
                                                   USB_suspend (usb)
                                                   XT2_Start
                                                   XT2_Stop
           ENTRY                   ADDRESS         REF BY
           =====                   =======         ======
           _A_UCSCTL6_L            016C 
           LOCAL                   ADDRESS         
           =====                   =======         
           UCSCTL6                 016C 
           UCSCTL6_H               016D 
           UCSCTL6_L               016C 
    -------------------------------------------------------------------------
DATA16_AN
  Relative segment, address: 016E - 016F (0x2 bytes), align: 0
  Segment part 7. ROOT.       Intra module refs:   Init_FLL
                                                   UNMI_ISR (main)
                                                   XT2_Start
           ENTRY                   ADDRESS         REF BY
           =====                   =======         ======
           _A_UCSCTL7_L            016E 
           LOCAL                   ADDRESS         
           =====                   =======         
           UCSCTL7                 016E 
           UCSCTL7_H               016F 
           UCSCTL7_L               016E 
    -------------------------------------------------------------------------
<CODE> 1 (was CODE)
  Relative segment, address: 978C - 97BB (0x30 bytes), align: 1
  Segment part 14.
           ENTRY                   ADDRESS         REF BY
           =====                   =======         ======
           XT2_Start               978C            USB_enable (usb)
               CSTACK = 00000000 ( 00000004 )
    -------------------------------------------------------------------------
<CODE> 1 (was CODE)
  Relative segment, address: 9B70 - 9B77 (0x8 bytes), align: 1
  Segment part 11.
           ENTRY                   ADDRESS         REF BY
           =====                   =======         ======
           XT2_Stop                9B70            USB_handleVbusOffEvent (usbEventHandling)
               CSTACK = 00000000 ( 00000004 )
    -------------------------------------------------------------------------
<CODE> 1 (was CODE)
  Relative segment, address: 8AEA - 8BCD (0xe4 bytes), align: 1
  Segment part 9.
           ENTRY                   ADDRESS         REF BY
           =====                   =======         ======
           Init_FLL                8AEA            Init_Clock (initMCU)
               CSTACK = 00000000 ( 00000006 )

    *************************************************************************

  FILE NAME : c:\Documents and Settings\a0196876\Desktop\_Temp\USB2RS232\CDC_UART_Bridge\Debug\Obj\UsbCdc.r43
  PROGRAM MODULE, NAME : UsbCdc

  SEGMENTS IN THE MODULE
  ======================
DATA16_AN
  Relative segment, address: 0202 - 0203 (0x2 bytes), align: 0
  Segment part 1. ROOT.       Intra module refs:   BlinkLed (main)
                                                   Init_Ports (initMCU)
                                                   usbSetControlLineState0
           ENTRY                   ADDRESS         REF BY
           =====                   =======         ======
           _A_PAOUT_L              0202 
           LOCAL                   ADDRESS         
           =====                   =======         
           PAOUT                   0202 
           PAOUT_H                 0203 
           PAOUT_L                 0202 
    -------------------------------------------------------------------------
DATA16_AN
  Relative segment, address: 0262 - 0263 (0x2 bytes), align: 0
  Segment part 2. ROOT.       Intra module refs:   Init_Ports (initMCU)
                                                   usbSetControlLineState1
           ENTRY                   ADDRESS         REF BY
           =====                   =======         ======
           _A_PDOUT_L              0262 
           LOCAL                   ADDRESS         
           =====                   =======         
           PDOUT                   0262 
           PDOUT_H                 0263 
           PDOUT_L                 0262 
    -------------------------------------------------------------------------
DATA16_AN
  Relative segment, address: 0930 - 0930 (0x1 bytes), align: 0
  Segment part 3. ROOT.
           ENTRY                   ADDRESS         REF BY
           =====                   =======         ======
           USBIEPIFG               0930 
    -------------------------------------------------------------------------
DATA16_Z
  Relative segment, address: 2400 - 240F (0x10 bytes), align: 1
  Segment part 5.             Intra module refs:   Handler_SetLineCoding0
                                                   Handler_SetLineCoding1
                                                   usbGetLineCoding0
                                                   usbGetLineCoding1
           LOCAL                   ADDRESS         
           =====                   =======         
           CdcParams               2400 
    -------------------------------------------------------------------------
DATA16_Z
  Relative segment, address: 2410 - 2423 (0x14 bytes), align: 1
  Segment part 6.             Intra module refs:   CdcResetData
           LOCAL                   ADDRESS         
           =====                   =======         
           CdcWriteCtrl            2410 
    -------------------------------------------------------------------------
DATA16_Z
  Relative segment, address: 2424 - 2443 (0x20 bytes), align: 1
  Segment part 7.             Intra module refs:   CdcResetData
           LOCAL                   ADDRESS         
           =====                   =======         
           CdcReadCtrl             2424 
    -------------------------------------------------------------------------
<CODE> 1 (was CODE)
  Relative segment, address: 99D2 - 99ED (0x1c bytes), align: 1
  Segment part 28.
           ENTRY                   ADDRESS         REF BY
           =====                   =======         ======
           CdcResetData            99D2            USB_reset (usb)
               calls direct
               CSTACK = 00000000 ( 00000004 )
    -------------------------------------------------------------------------
<CODE> 1 (was CODE)
  Relative segment, address: 952C - 9571 (0x46 bytes), align: 1
  Segment part 16.
           ENTRY                   ADDRESS         REF BY
           =====                   =======         ======
           usbGetLineCoding0       952C            tUsbRequestList (descriptors)
               calls direct
               CSTACK = 00000000 ( 00000004 )
    -------------------------------------------------------------------------
<CODE> 1 (was CODE)
  Relative segment, address: 9572 - 95B7 (0x46 bytes), align: 1
  Segment part 15.
           ENTRY                   ADDRESS         REF BY
           =====                   =======         ======
           usbGetLineCoding1       9572            tUsbRequestList (descriptors)
               calls direct
               CSTACK = 00000000 ( 00000004 )
    -------------------------------------------------------------------------
<CODE> 1 (was CODE)
  Relative segment, address: 9B78 - 9B7F (0x8 bytes), align: 1
  Segment part 14.
           ENTRY                   ADDRESS         REF BY
           =====                   =======         ======
           usbSetLineCoding0       9B78            tUsbRequestList (descriptors)
               calls direct
               CSTACK = 00000000 ( 00000004 )
    -------------------------------------------------------------------------
<CODE> 1 (was CODE)
  Relative segment, address: 9B58 - 9B5F (0x8 bytes), align: 1
  Segment part 13.
           ENTRY                   ADDRESS         REF BY
           =====                   =======         ======
           usbSetLineCoding1       9B58            tUsbRequestList (descriptors)
               calls direct
               CSTACK = 00000000 ( 00000004 )
    -------------------------------------------------------------------------
<CODE> 1 (was CODE)
  Relative segment, address: 98D0 - 98F3 (0x24 bytes), align: 1
  Segment part 12.
           ENTRY                   ADDRESS         REF BY
           =====                   =======         ======
           usbSetControlLineState0
                                   98D0            tUsbRequestList (descriptors)
               calls direct
               CSTACK = 00000000 ( 00000004 )
    -------------------------------------------------------------------------
<CODE> 1 (was CODE)
  Relative segment, address: 98F4 - 9917 (0x24 bytes), align: 1
  Segment part 11.
           ENTRY                   ADDRESS         REF BY
           =====                   =======         ======
           usbSetControlLineState1
                                   98F4            tUsbRequestList (descriptors)
               calls direct
               CSTACK = 00000000 ( 00000004 )
    -------------------------------------------------------------------------
<CODE> 1 (was CODE)
  Relative segment, address: 9252 - 92B3 (0x62 bytes), align: 1
  Segment part 10.
           ENTRY                   ADDRESS         REF BY
           =====                   =======         ======
           Handler_SetLineCoding0
                                   9252            OEP0InterruptHandler (UsbIsr)
               CSTACK = 00000000 ( 0000000C )
    -------------------------------------------------------------------------
<CODE> 1 (was CODE)
  Relative segment, address: 909A - 9113 (0x7a bytes), align: 1
  Segment part 9.
           ENTRY                   ADDRESS         REF BY
           =====                   =======         ======
           Handler_SetLineCoding1
                                   909A            OEP0InterruptHandler (UsbIsr)
               calls direct
               CSTACK = 00000000 ( 0000000C )
    -------------------------------------------------------------------------
<CODE> 1 (was CODE)
  Relative segment, address: 9BAC - 9BAD (0x2 bytes), align: 1
  Segment part 8.
           ENTRY                   ADDRESS         REF BY
           =====                   =======         ======
           Handler_SetLineCoding2
                                   9BAC            OEP0InterruptHandler (UsbIsr)
               CSTACK = 00000000 ( 00000004 )

    *************************************************************************

  FILE NAME : c:\Documents and Settings\a0196876\Desktop\_Temp\USB2RS232\CDC_UART_Bridge\Debug\Obj\UsbIsr.r43
  PROGRAM MODULE, NAME : UsbIsr

  SEGMENTS IN THE MODULE
  ======================
DATA16_AN
  Relative segment, address: 0900 - 0901 (0x2 bytes), align: 0
  Segment part 1. ROOT.       Intra module refs:   PWRVBUSoffHandler
                                                   PWRVBUSonHandler
                                                   USB_connect (usb)
                                                   USB_disable (usb)
                                                   USB_enable (usb)
                                                   USB_init (usb)
                                                   USB_reset (usb)
                                                   USB_suspend (usb)
           ENTRY                   ADDRESS         REF BY
           =====                   =======         ======
           _A_USBKEYID_L           0900 
           LOCAL                   ADDRESS         
           =====                   =======         
           USBKEYID                0900 
           USBKEYID_H              0901 
           USBKEYID_L              0900 
    -------------------------------------------------------------------------
DATA16_AN
  Relative segment, address: 0902 - 0903 (0x2 bytes), align: 0
  Segment part 2. ROOT.       Intra module refs:   PWRVBUSoffHandler
                                                   USB_connect (usb)
                                                   USB_connectionInfo (usb)
                                                   USB_disable (usb)
                                                   USB_enable (usb)
           ENTRY                   ADDRESS         REF BY
           =====                   =======         ======
           _A_USBCNF_L             0902 
           LOCAL                   ADDRESS         
           =====                   =======         
           USBCNF                  0902 
           USBCNF_H                0903 
           USBCNF_L                0902 
    -------------------------------------------------------------------------
DATA16_AN
  Relative segment, address: 0908 - 0909 (0x2 bytes), align: 0
  Segment part 3. ROOT.       Intra module refs:   PWRVBUSoffHandler
                                                   PWRVBUSonHandler
                                                   USB_connect (usb)
                                                   USB_connectionInfo (usb)
                                                   USB_enable (usb)
                                                   USB_init (usb)
           ENTRY                   ADDRESS         REF BY
           =====                   =======         ======
           _A_USBPWRCTL_L          0908 
           LOCAL                   ADDRESS         
           =====                   =======         
           USBPWRCTL               0908 
           USBPWRCTL_H             0909 
           USBPWRCTL_L             0908 
    -------------------------------------------------------------------------
DATA16_AN
  Relative segment, address: 0910 - 0911 (0x2 bytes), align: 0
  Segment part 4. ROOT.       Intra module refs:   PWRVBUSoffHandler
                                                   USB_disable (usb)
                                                   USB_enable (usb)
                                                   USB_suspend (usb)
           ENTRY                   ADDRESS         REF BY
           =====                   =======         ======
           _A_USBPLLCTL_L          0910 
           LOCAL                   ADDRESS         
           =====                   =======         
           USBPLLCTL               0910 
           USBPLLCTL_H             0911 
           USBPLLCTL_L             0910 
    -------------------------------------------------------------------------
DATA16_AN
  Relative segment, address: 0932 - 0933 (0x2 bytes), align: 0
  Segment part 5. ROOT.       Intra module refs:   iUsbInterruptHandler
           ENTRY                   ADDRESS         REF BY
           =====                   =======         ======
           _A_USBVECINT_L          0932 
           LOCAL                   ADDRESS         
           =====                   =======         
           USBVECINT               0932 
           USBVECINT_H             0933 
           USBVECINT_L             0932 
    -------------------------------------------------------------------------
DATA16_AN
  Relative segment, address: 093C - 093C (0x1 bytes), align: 0
  Segment part 6. ROOT.       Intra module refs:   IEP0InterruptHandler
                                                   OEP0InterruptHandler
                                                   SetupPacketInterruptHandler
                                                   USB_reset (usb)
                                                   USB_suspend (usb)
           ENTRY                   ADDRESS         REF BY
           =====                   =======         ======
           USBCTL                  093C 
    -------------------------------------------------------------------------
DATA16_AN
  Relative segment, address: 093E - 093E (0x1 bytes), align: 0
  Segment part 7. ROOT.       Intra module refs:   SetupPacketInterruptHandler
                                                   USB_reset (usb)
                                                   USB_resume (usb)
                                                   USB_suspend (usb)
                                                   iUsbInterruptHandler
                                                   usbDecodeAndProcessUsbRequest (usb)
                                                   usbInvalidRequest (usb)
           ENTRY                   ADDRESS         REF BY
           =====                   =======         ======
           USBIFG                  093E 
    -------------------------------------------------------------------------
ISR_CODE
  Relative segment, address: 8018 - 8143 (0x12c bytes), align: 1
  Segment part 15.            Intra module refs:   iUsbInterruptHandler::??INTVEC 102
           ENTRY                   ADDRESS         REF BY
           =====                   =======         ======
           iUsbInterruptHandler    8018 
               interrupt function
               calls direct
               CSTACK = 00000000 ( 00000010 )
    -------------------------------------------------------------------------
<CODE> 1 (was CODE)
  Relative segment, address: 963C - 967B (0x40 bytes), align: 1
  Segment part 14.            Intra module refs:   iUsbInterruptHandler
           ENTRY                   ADDRESS         REF BY
           =====                   =======         ======
           SetupPacketInterruptHandler
                                   963C 
               calls direct
               CSTACK = 00000000 ( 00000004 )
    -------------------------------------------------------------------------
<CODE> 1 (was CODE)
  Relative segment, address: 95B8 - 95F9 (0x42 bytes), align: 1
  Segment part 13.            Intra module refs:   iUsbInterruptHandler
           ENTRY                   ADDRESS         REF BY
           =====                   =======         ======
           PWRVBUSoffHandler       95B8 
               CSTACK = 00000000 ( 00000006 )
    -------------------------------------------------------------------------
<CODE> 1 (was CODE)
  Relative segment, address: 975C - 978B (0x30 bytes), align: 1
  Segment part 12.            Intra module refs:   iUsbInterruptHandler
           ENTRY                   ADDRESS         REF BY
           =====                   =======         ======
           PWRVBUSonHandler        975C 
               CSTACK = 00000000 ( 00000006 )
    -------------------------------------------------------------------------
<CODE> 1 (was CODE)
  Relative segment, address: 9A3C - 9A55 (0x1a bytes), align: 1
  Segment part 11.            Intra module refs:   iUsbInterruptHandler
           ENTRY                   ADDRESS         REF BY
           =====                   =======         ======
           IEP0InterruptHandler    9A3C 
               calls direct
               CSTACK = 00000000 ( 00000004 )
    -------------------------------------------------------------------------
<CODE> 1 (was CODE)
  Relative segment, address: 93AE - 93FF (0x52 bytes), align: 1
  Segment part 10.            Intra module refs:   iUsbInterruptHandler
           ENTRY                   ADDRESS         REF BY
           =====                   =======         ======
           OEP0InterruptHandler    93AE 
               calls direct
               CSTACK = 00000000 ( 00000004 )
    -------------------------------------------------------------------------
INTVEC
  Common segment, address: FF80 - FFE7 (0x68 bytes), align: 1
  Segment part 8. ROOT.
           ENTRY                   ADDRESS         REF BY
           =====                   =======         ======
           iUsbInterruptHandler::??INTVEC 102
                                   FFE6 

    *************************************************************************

  FILE NAME : c:\Documents and Settings\a0196876\Desktop\_Temp\USB2RS232\CDC_UART_Bridge\Debug\Obj\descriptors.r43
  PROGRAM MODULE, NAME : descriptors

  SEGMENTS IN THE MODULE
  ======================
DATA16_C
  Relative segment, address: 8332 - 8343 (0x12 bytes), align: 0
  Segment part 2.
           ENTRY                   ADDRESS         REF BY
           =====                   =======         ======
           abromDeviceDescriptor   8332            usbGetDeviceDescriptor (usb)
    -------------------------------------------------------------------------
DATA16_C
  Relative segment, address: 8344 - 83D0 (0x8d bytes), align: 0
  Segment part 3.
           ENTRY                   ADDRESS         REF BY
           =====                   =======         ======
           abromConfigurationDescriptorGroup
                                   8344            usbGetConfigurationDescriptor (usb)
                                                   usbGetDeviceStatus (usb)
    -------------------------------------------------------------------------
DATA16_C
  Relative segment, address: 83D1 - 8486 (0xb6 bytes), align: 0
  Segment part 4.
           ENTRY                   ADDRESS         REF BY
           =====                   =======         ======
           abromStringDescriptor   83D1            usbGetStringDescriptor (usb)
    -------------------------------------------------------------------------
DATA16_C
  Relative segment, address: 81DE - 81FD (0x20 bytes), align: 1
  Segment part 5.
           ENTRY                   ADDRESS         REF BY
           =====                   =======         ======
           stUsbHandle             81DE            CdcToUart (uart)
                                                   USB_reset (usb)
                                                   UartToCdc (uart)
    -------------------------------------------------------------------------
DATA16_C
  Relative segment, address: 81FE - 8331 (0x134 bytes), align: 1
  Segment part 6.
           ENTRY                   ADDRESS         REF BY
           =====                   =======         ======
           tUsbRequestList         81FE            usbDecodeAndProcessUsbRequest (usb)

    *************************************************************************

  FILE NAME : c:\Documents and Settings\a0196876\Desktop\_Temp\USB2RS232\CDC_UART_Bridge\Debug\Obj\dma.r43
  PROGRAM MODULE, NAME : dma

  SEGMENTS IN THE MODULE
  ======================
DATA16_AN
  Relative segment, address: 0500 - 0501 (0x2 bytes), align: 0
  Segment part 1. ROOT.       Intra module refs:   USB_initMemcpy
           ENTRY                   ADDRESS         REF BY
           =====                   =======         ======
           _A_DMACTL0_L            0500 
           LOCAL                   ADDRESS         
           =====                   =======         
           DMACTL0                 0500 
           DMACTL0_H               0501 
           DMACTL0_L               0500 
    -------------------------------------------------------------------------
DATA16_AN
  Relative segment, address: 0508 - 0509 (0x2 bytes), align: 0
  Segment part 2. ROOT.       Intra module refs:   SetupDmaForUart0 (uart)
                                                   SetupDmaForUart1 (uart)
                                                   USB_initMemcpy
           ENTRY                   ADDRESS         REF BY
           =====                   =======         ======
           _A_DMACTL4_L            0508 
           LOCAL                   ADDRESS         
           =====                   =======         
           DMACTL4                 0508 
           DMACTL4_H               0509 
           DMACTL4_L               0508 
    -------------------------------------------------------------------------
DATA16_AN
  Relative segment, address: 0510 - 0511 (0x2 bytes), align: 0
  Segment part 3. ROOT.       Intra module refs:   USB_initMemcpy
                                                   memcpyDMA0
           ENTRY                   ADDRESS         REF BY
           =====                   =======         ======
           _A_DMA0CTL_L            0510 
           LOCAL                   ADDRESS         
           =====                   =======         
           DMA0CTL                 0510 
           DMA0CTL_H               0511 
           DMA0CTL_L               0510 
    -------------------------------------------------------------------------
DATA16_AN
  Relative segment, address: 0512 - 0515 (0x4 bytes), align: 0
  Segment part 4. ROOT.       Intra module refs:   memcpyDMA0
           ENTRY                   ADDRESS         REF BY
           =====                   =======         ======
           _A_DMA0SA_L             0512 
           LOCAL                   ADDRESS         
           =====                   =======         
           DMA0SA                  0512 
           DMA0SAH                 0514 
           DMA0SAL                 0512 
           DMA0SA_H                0513 
           DMA0SA_L                0512 
    -------------------------------------------------------------------------
DATA16_AN
  Relative segment, address: 0516 - 0519 (0x4 bytes), align: 0
  Segment part 5. ROOT.       Intra module refs:   memcpyDMA0
           ENTRY                   ADDRESS         REF BY
           =====                   =======         ======
           _A_DMA0DA_L             0516 
           LOCAL                   ADDRESS         
           =====                   =======         
           DMA0DA                  0516 
           DMA0DAH                 0518 
           DMA0DAL                 0516 
           DMA0DA_H                0517 
           DMA0DA_L                0516 
    -------------------------------------------------------------------------
DATA16_AN
  Relative segment, address: 051A - 051B (0x2 bytes), align: 0
  Segment part 6. ROOT.       Intra module refs:   memcpyDMA0
           ENTRY                   ADDRESS         REF BY
           =====                   =======         ======
           DMA0SZ                  051A 
    -------------------------------------------------------------------------
DATA16_AN
  Relative segment, address: 0520 - 0521 (0x2 bytes), align: 0
  Segment part 7. ROOT.       Intra module refs:   USB_initMemcpy
           ENTRY                   ADDRESS         REF BY
           =====                   =======         ======
           _A_DMA1CTL_L            0520 
           LOCAL                   ADDRESS         
           =====                   =======         
           DMA1CTL                 0520 
           DMA1CTL_H               0521 
           DMA1CTL_L               0520 
    -------------------------------------------------------------------------
DATA16_AN
  Relative segment, address: 0522 - 0525 (0x4 bytes), align: 0
  Segment part 8. ROOT.
           ENTRY                   ADDRESS         REF BY
           =====                   =======         ======
           _A_DMA1SA_L             0522 
           LOCAL                   ADDRESS         
           =====                   =======         
           DMA1SA                  0522 
           DMA1SAH                 0524 
           DMA1SAL                 0522 
           DMA1SA_H                0523 
           DMA1SA_L                0522 
    -------------------------------------------------------------------------
DATA16_AN
  Relative segment, address: 0526 - 0529 (0x4 bytes), align: 0
  Segment part 9. ROOT.
           ENTRY                   ADDRESS         REF BY
           =====                   =======         ======
           _A_DMA1DA_L             0526 
           LOCAL                   ADDRESS         
           =====                   =======         
           DMA1DA                  0526 
           DMA1DAH                 0528 
           DMA1DAL                 0526 
           DMA1DA_H                0527 
           DMA1DA_L                0526 
    -------------------------------------------------------------------------
DATA16_AN
  Relative segment, address: 052A - 052B (0x2 bytes), align: 0
  Segment part 10. ROOT.
           ENTRY                   ADDRESS         REF BY
           =====                   =======         ======
           DMA1SZ                  052A 
    -------------------------------------------------------------------------
DATA16_AN
  Relative segment, address: 0530 - 0531 (0x2 bytes), align: 0
  Segment part 11. ROOT.      Intra module refs:   SetupDmaForUart0 (uart)
                                                   USB_initMemcpy
           ENTRY                   ADDRESS         REF BY
           =====                   =======         ======
           _A_DMA2CTL_L            0530 
           LOCAL                   ADDRESS         
           =====                   =======         
           DMA2CTL                 0530 
           DMA2CTL_H               0531 
           DMA2CTL_L               0530 
    -------------------------------------------------------------------------
DATA16_AN
  Relative segment, address: 0532 - 0535 (0x4 bytes), align: 0
  Segment part 12. ROOT.      Intra module refs:   SetupDmaForUart0 (uart)
           ENTRY                   ADDRESS         REF BY
           =====                   =======         ======
           _A_DMA2SA_L             0532 
           LOCAL                   ADDRESS         
           =====                   =======         
           DMA2SA                  0532 
           DMA2SAH                 0534 
           DMA2SAL                 0532 
           DMA2SA_H                0533 
           DMA2SA_L                0532 
    -------------------------------------------------------------------------
DATA16_AN
  Relative segment, address: 0536 - 0539 (0x4 bytes), align: 0
  Segment part 13. ROOT.      Intra module refs:   SetupDmaForUart0 (uart)
           ENTRY                   ADDRESS         REF BY
           =====                   =======         ======
           _A_DMA2DA_L             0536 
           LOCAL                   ADDRESS         
           =====                   =======         
           DMA2DA                  0536 
           DMA2DAH                 0538 
           DMA2DAL                 0536 
           DMA2DA_H                0537 
           DMA2DA_L                0536 
    -------------------------------------------------------------------------
DATA16_AN
  Relative segment, address: 053A - 053B (0x2 bytes), align: 0
  Segment part 14. ROOT.      Intra module refs:   SetupDmaForUart0 (uart)
                                                   UartToCdc (uart)
           ENTRY                   ADDRESS         REF BY
           =====                   =======         ======
           DMA2SZ                  053A 
    -------------------------------------------------------------------------
DATA16_Z
  Relative segment, address: 2444 - 2447 (0x4 bytes), align: 1
  Segment part 16.            Intra module refs:   USB_initMemcpy
           ENTRY                   ADDRESS         REF BY
           =====                   =======         ======
           USB_TX_memcpy           2444            CdcToUart (uart)
    -------------------------------------------------------------------------
DATA16_Z
  Relative segment, address: 2448 - 244B (0x4 bytes), align: 1
  Segment part 17.            Intra module refs:   USB_initMemcpy
           ENTRY                   ADDRESS         REF BY
           =====                   =======         ======
           USB_RX_memcpy           2448            UartToCdc (uart)
    -------------------------------------------------------------------------
<CODE> 1 (was CODE)
  Relative segment, address: 98AC - 98CF (0x24 bytes), align: 1
  Segment part 22.            Intra module refs:   USB_initMemcpy
           ENTRY                   ADDRESS         REF BY
           =====                   =======         ======
           memcpyV                 98AC 
               CSTACK = 00000000 ( 00000008 )
    -------------------------------------------------------------------------
<CODE> 1 (was CODE)
  Relative segment, address: 949C - 94E3 (0x48 bytes), align: 1
  Segment part 21.
           ENTRY                   ADDRESS         REF BY
           =====                   =======         ======
           USB_initMemcpy          949C            USB_init (usb)
               CSTACK = 00000000 ( 00000004 )
    -------------------------------------------------------------------------
<CODE> 1 (was CODE)
  Relative segment, address: 97EA - 9811 (0x28 bytes), align: 1
  Segment part 20.            Intra module refs:   USB_initMemcpy
           ENTRY                   ADDRESS         REF BY
           =====                   =======         ======
           memcpyDMA0              97EA 
               CSTACK = 00000000 ( 00000004 )

    *************************************************************************

  FILE NAME : c:\Documents and Settings\a0196876\Desktop\_Temp\USB2RS232\CDC_UART_Bridge\Debug\Obj\initMCU.r43
  PROGRAM MODULE, NAME : initMCU

  SEGMENTS IN THE MODULE
  ======================
DATA16_AN
  Relative segment, address: 049C - 049D (0x2 bytes), align: 0
  Segment part 1. ROOT.       Intra module refs:   Init_Clock
           ENTRY                   ADDRESS         REF BY
           =====                   =======         ======
           _A_BAKCTL_L             049C 
           LOCAL                   ADDRESS         
           =====                   =======         
           BAKCTL                  049C 
           BAKCTL_H                049D 
           BAKCTL_L                049C 
    -------------------------------------------------------------------------
DATA16_AN
  Relative segment, address: 0204 - 0205 (0x2 bytes), align: 0
  Segment part 3. ROOT.       Intra module refs:   Init_Ports
           ENTRY                   ADDRESS         REF BY
           =====                   =======         ======
           _A_PADIR_L              0204 
           LOCAL                   ADDRESS         
           =====                   =======         
           PADIR                   0204 
           PADIR_H                 0205 
           PADIR_L                 0204 
    -------------------------------------------------------------------------
DATA16_AN
  Relative segment, address: 0206 - 0207 (0x2 bytes), align: 0
  Segment part 4. ROOT.       Intra module refs:   Init_Ports
           ENTRY                   ADDRESS         REF BY
           =====                   =======         ======
           _A_PAREN_L              0206 
           LOCAL                   ADDRESS         
           =====                   =======         
           PAREN                   0206 
           PAREN_H                 0207 
           PAREN_L                 0206 
    -------------------------------------------------------------------------
DATA16_AN
  Relative segment, address: 020A - 020B (0x2 bytes), align: 0
  Segment part 5. ROOT.       Intra module refs:   InitUart0 (uart)
                                                   Init_Ports
           ENTRY                   ADDRESS         REF BY
           =====                   =======         ======
           _A_PASEL_L              020A 
           LOCAL                   ADDRESS         
           =====                   =======         
           PASEL                   020A 
           PASEL_H                 020B 
           PASEL_L                 020A 
    -------------------------------------------------------------------------
DATA16_AN
  Relative segment, address: 0222 - 0223 (0x2 bytes), align: 0
  Segment part 6. ROOT.       Intra module refs:   Init_Ports
           ENTRY                   ADDRESS         REF BY
           =====                   =======         ======
           _A_PBOUT_L              0222 
           LOCAL                   ADDRESS         
           =====                   =======         
           PBOUT                   0222 
           PBOUT_H                 0223 
           PBOUT_L                 0222 
    -------------------------------------------------------------------------
DATA16_AN
  Relative segment, address: 0226 - 0227 (0x2 bytes), align: 0
  Segment part 7. ROOT.       Intra module refs:   Init_Ports
           ENTRY                   ADDRESS         REF BY
           =====                   =======         ======
           _A_PBREN_L              0226 
           LOCAL                   ADDRESS         
           =====                   =======         
           PBREN                   0226 
           PBREN_H                 0227 
           PBREN_L                 0226 
    -------------------------------------------------------------------------
DATA16_AN
  Relative segment, address: 022A - 022B (0x2 bytes), align: 0
  Segment part 8. ROOT.       Intra module refs:   Init_Ports
           ENTRY                   ADDRESS         REF BY
           =====                   =======         ======
           _A_PBSEL_L              022A 
           LOCAL                   ADDRESS         
           =====                   =======         
           PBSEL                   022A 
           PBSEL_H                 022B 
           PBSEL_L                 022A 
    -------------------------------------------------------------------------
DATA16_AN
  Relative segment, address: 0242 - 0243 (0x2 bytes), align: 0
  Segment part 9. ROOT.       Intra module refs:   Init_Ports
           ENTRY                   ADDRESS         REF BY
           =====                   =======         ======
           _A_PCOUT_L              0242 
           LOCAL                   ADDRESS         
           =====                   =======         
           PCOUT                   0242 
           PCOUT_H                 0243 
           PCOUT_L                 0242 
    -------------------------------------------------------------------------
DATA16_AN
  Relative segment, address: 0246 - 0247 (0x2 bytes), align: 0
  Segment part 10. ROOT.      Intra module refs:   Init_Ports
           ENTRY                   ADDRESS         REF BY
           =====                   =======         ======
           _A_PCREN_L              0246 
           LOCAL                   ADDRESS         
           =====                   =======         
           PCREN                   0246 
           PCREN_H                 0247 
           PCREN_L                 0246 
    -------------------------------------------------------------------------
DATA16_AN
  Relative segment, address: 024A - 024B (0x2 bytes), align: 0
  Segment part 11. ROOT.      Intra module refs:   Init_Ports
           ENTRY                   ADDRESS         REF BY
           =====                   =======         ======
           _A_PCSEL_L              024A 
           LOCAL                   ADDRESS         
           =====                   =======         
           PCSEL                   024A 
           PCSEL_H                 024B 
           PCSEL_L                 024A 
    -------------------------------------------------------------------------
DATA16_AN
  Relative segment, address: 0264 - 0265 (0x2 bytes), align: 0
  Segment part 13. ROOT.      Intra module refs:   Init_Ports
           ENTRY                   ADDRESS         REF BY
           =====                   =======         ======
           _A_PDDIR_L              0264 
           LOCAL                   ADDRESS         
           =====                   =======         
           PDDIR                   0264 
           PDDIR_H                 0265 
           PDDIR_L                 0264 
    -------------------------------------------------------------------------
DATA16_AN
  Relative segment, address: 0266 - 0267 (0x2 bytes), align: 0
  Segment part 14. ROOT.      Intra module refs:   Init_Ports
           ENTRY                   ADDRESS         REF BY
           =====                   =======         ======
           _A_PDREN_L              0266 
           LOCAL                   ADDRESS         
           =====                   =======         
           PDREN                   0266 
           PDREN_H                 0267 
           PDREN_L                 0266 
    -------------------------------------------------------------------------
DATA16_AN
  Relative segment, address: 026A - 026B (0x2 bytes), align: 0
  Segment part 15. ROOT.      Intra module refs:   InitUart1 (uart)
                                                   Init_Clock
                                                   Init_Ports
           ENTRY                   ADDRESS         REF BY
           =====                   =======         ======
           _A_PDSEL_L              026A 
           LOCAL                   ADDRESS         
           =====                   =======         
           PDSEL                   026A 
           PDSEL_H                 026B 
           PDSEL_L                 026A 
    -------------------------------------------------------------------------
DATA16_AN
  Relative segment, address: 0282 - 0283 (0x2 bytes), align: 0
  Segment part 16. ROOT.      Intra module refs:   Init_Ports
           ENTRY                   ADDRESS         REF BY
           =====                   =======         ======
           _A_PEOUT_L              0282 
           LOCAL                   ADDRESS         
           =====                   =======         
           PEOUT                   0282 
           PEOUT_H                 0283 
           PEOUT_L                 0282 
    -------------------------------------------------------------------------
DATA16_AN
  Relative segment, address: 0286 - 0287 (0x2 bytes), align: 0
  Segment part 17. ROOT.      Intra module refs:   Init_Ports
           ENTRY                   ADDRESS         REF BY
           =====                   =======         ======
           _A_PEREN_L              0286 
           LOCAL                   ADDRESS         
           =====                   =======         
           PEREN                   0286 
           PEREN_H                 0287 
           PEREN_L                 0286 
    -------------------------------------------------------------------------
DATA16_AN
  Relative segment, address: 028A - 028B (0x2 bytes), align: 0
  Segment part 18. ROOT.      Intra module refs:   Init_Ports
           ENTRY                   ADDRESS         REF BY
           =====                   =======         ======
           _A_PESEL_L              028A 
           LOCAL                   ADDRESS         
           =====                   =======         
           PESEL                   028A 
           PESEL_H                 028B 
           PESEL_L                 028A 
    -------------------------------------------------------------------------
DATA16_AN
  Relative segment, address: 0322 - 0323 (0x2 bytes), align: 0
  Segment part 19. ROOT.      Intra module refs:   Init_Ports
           ENTRY                   ADDRESS         REF BY
           =====                   =======         ======
           _A_PJOUT_L              0322 
           LOCAL                   ADDRESS         
           =====                   =======         
           PJOUT                   0322 
           PJOUT_H                 0323 
           PJOUT_L                 0322 
    -------------------------------------------------------------------------
DATA16_AN
  Relative segment, address: 0324 - 0325 (0x2 bytes), align: 0
  Segment part 20. ROOT.      Intra module refs:   Init_Ports
           ENTRY                   ADDRESS         REF BY
           =====                   =======         ======
           _A_PJDIR_L              0324 
           LOCAL                   ADDRESS         
           =====                   =======         
           PJDIR                   0324 
           PJDIR_H                 0325 
           PJDIR_L                 0324 
    -------------------------------------------------------------------------
DATA16_AN
  Relative segment, address: 01D0 - 01D1 (0x2 bytes), align: 0
  Segment part 22. ROOT.      Intra module refs:   Port_Mapping
           ENTRY                   ADDRESS         REF BY
           =====                   =======         ======
           _A_P2MAP01_L            01D0 
           LOCAL                   ADDRESS         
           =====                   =======         
           P2MAP01                 01D0 
           P2MAP01_H               01D1 
           P2MAP01_L               01D0 
    -------------------------------------------------------------------------
DATA16_AN
  Relative segment, address: 0166 - 0167 (0x2 bytes), align: 0
  Segment part 23. ROOT.      Intra module refs:   Init_Clock
           ENTRY                   ADDRESS         REF BY
           =====                   =======         ======
           _A_UCSCTL3_L            0166 
           LOCAL                   ADDRESS         
           =====                   =======         
           UCSCTL3                 0166 
           UCSCTL3_H               0167 
           UCSCTL3_L               0166 
    -------------------------------------------------------------------------
DATA16_AN
  Relative segment, address: 015C - 015D (0x2 bytes), align: 0
  Segment part 26. ROOT.      Intra module refs:   Init_StartUp
           ENTRY                   ADDRESS         REF BY
           =====                   =======         ======
           _A_WDTCTL_L             015C 
           LOCAL                   ADDRESS         
           =====                   =======         
           WDTCTL                  015C 
           WDTCTL_H                015D 
           WDTCTL_L                015C 
    -------------------------------------------------------------------------
<CODE> 1 (was CODE)
  Relative segment, address: 95FA - 963B (0x42 bytes), align: 1
  Segment part 30.            Intra module refs:   Init_StartUp
           ENTRY                   ADDRESS         REF BY
           =====                   =======         ======
           Init_Clock              95FA 
               calls direct
               CSTACK = 00000000 ( 00000004 )
    -------------------------------------------------------------------------
<CODE> 1 (was CODE)
  Relative segment, address: 92B4 - 9307 (0x54 bytes), align: 1
  Segment part 31.            Intra module refs:   Init_StartUp
           ENTRY                   ADDRESS         REF BY
           =====                   =======         ======
           Init_Ports              92B4 
               CSTACK = 00000000 ( 00000004 )
    -------------------------------------------------------------------------
<CODE> 1 (was CODE)
  Relative segment, address: 96F6 - 9729 (0x34 bytes), align: 1
  Segment part 32.
           ENTRY                   ADDRESS         REF BY
           =====                   =======         ======
           Init_StartUp            96F6            main (main)
               calls direct
               CSTACK = 00000000 ( 00000004 )
    -------------------------------------------------------------------------
<CODE> 1 (was CODE)
  Relative segment, address: 983A - 985F (0x26 bytes), align: 1
  Segment part 29.
           ENTRY                   ADDRESS         REF BY
           =====                   =======         ======
           ConfigUSB               983A            main (main)
               calls direct
               CSTACK = 00000000 ( 00000004 )
    -------------------------------------------------------------------------
<CODE> 1 (was CODE)
  Relative segment, address: 999A - 99B5 (0x1c bytes), align: 1
  Segment part 28.            Intra module refs:   Init_StartUp
           ENTRY                   ADDRESS         REF BY
           =====                   =======         ======
           Port_Mapping            999A 
               CSTACK = 00000000 ( 00000004 )

    *************************************************************************

  FILE NAME : c:\Documents and Settings\a0196876\Desktop\_Temp\USB2RS232\CDC_UART_Bridge\Debug\Obj\main.r43
  PROGRAM MODULE, NAME : main

  SEGMENTS IN THE MODULE
  ======================
DATA16_AN
  Relative segment, address: 0198 - 0199 (0x2 bytes), align: 0
  Segment part 3. ROOT.       Intra module refs:   UNMI_ISR
           ENTRY                   ADDRESS         REF BY
           =====                   =======         ======
           _A_SYSBERRIV_L          0198 
           LOCAL                   ADDRESS         
           =====                   =======         
           SYSBERRIV               0198 
           SYSBERRIV_H             0199 
           SYSBERRIV_L             0198 
    -------------------------------------------------------------------------
DATA16_AN
  Relative segment, address: 019A - 019B (0x2 bytes), align: 0
  Segment part 4. ROOT.       Intra module refs:   UNMI_ISR
           ENTRY                   ADDRESS         REF BY
           =====                   =======         ======
           _A_SYSUNIV_L            019A 
           LOCAL                   ADDRESS         
           =====                   =======         
           SYSUNIV                 019A 
           SYSUNIV_H               019B 
           SYSUNIV_L               019A 
    -------------------------------------------------------------------------
<CODE> 1 (was CODE)
  Relative segment, address: 99B6 - 99D1 (0x1c bytes), align: 1
  Segment part 11.
           ENTRY                   ADDRESS         REF BY
           =====                   =======         ======
           BlinkLed                99B6            TIMER2_A0_ISR (timer)
               CSTACK = 00000000 ( 00000004 )
    -------------------------------------------------------------------------
DATA16_Z
  Relative segment, address: 2EE2 - 2EE2 (0x1 bytes), align: 0
  Segment part 8.             Intra module refs:   BlinkLed
           LOCAL                   ADDRESS         
           =====                   =======         
           BlinkLed::nCount        2EE2 
    -------------------------------------------------------------------------
<CODE> 1 (was CODE)
  Relative segment, address: 9860 - 9885 (0x26 bytes), align: 1
  Segment part 10.
           ENTRY                   ADDRESS         REF BY
           =====                   =======         ======
           main                    9860            Segment part 19 (?cstart)
               calls direct
               CSTACK = 00000000 ( 00000004 )
    -------------------------------------------------------------------------
ISR_CODE
  Relative segment, address: 8144 - 8177 (0x34 bytes), align: 1
  Segment part 9.             Intra module refs:   UNMI_ISR::??INTVEC 122
           ENTRY                   ADDRESS         REF BY
           =====                   =======         ======
           UNMI_ISR                8144 
               interrupt function
               calls direct
               CSTACK = 00000000 ( 0000000C )
    -------------------------------------------------------------------------
INTVEC
  Common segment, address: FF80 - FFFB (0x7c bytes), align: 1
  Segment part 6. ROOT.
           ENTRY                   ADDRESS         REF BY
           =====                   =======         ======
           UNMI_ISR::??INTVEC 122
                                   FFFA 

    *************************************************************************

  FILE NAME : c:\Documents and Settings\a0196876\Desktop\_Temp\USB2RS232\CDC_UART_Bridge\Debug\Obj\timer.r43
  PROGRAM MODULE, NAME : timer

  SEGMENTS IN THE MODULE
  ======================
DATA16_AN
  Relative segment, address: 0400 - 0401 (0x2 bytes), align: 0
  Segment part 1. ROOT.       Intra module refs:   Init_TimerA2
           ENTRY                   ADDRESS         REF BY
           =====                   =======         ======
           TA2CTL                  0400 
    -------------------------------------------------------------------------
DATA16_AN
  Relative segment, address: 0402 - 0403 (0x2 bytes), align: 0
  Segment part 2. ROOT.       Intra module refs:   Init_TimerA2
           ENTRY                   ADDRESS         REF BY
           =====                   =======         ======
           TA2CCTL0                0402 
    -------------------------------------------------------------------------
DATA16_AN
  Relative segment, address: 0412 - 0413 (0x2 bytes), align: 0
  Segment part 3. ROOT.       Intra module refs:   Init_TimerA2
           ENTRY                   ADDRESS         REF BY
           =====                   =======         ======
           TA2CCR0                 0412 
    -------------------------------------------------------------------------
<CODE> 1 (was CODE)
  Relative segment, address: 997A - 9999 (0x20 bytes), align: 1
  Segment part 7.
           ENTRY                   ADDRESS         REF BY
           =====                   =======         ======
           Init_TimerA2            997A            main (main)
               CSTACK = 00000000 ( 00000004 )
    -------------------------------------------------------------------------
ISR_CODE
  Relative segment, address: 8178 - 8191 (0x1a bytes), align: 1
  Segment part 6.             Intra module refs:   TIMER2_A0_ISR::??INTVEC 80
           ENTRY                   ADDRESS         REF BY
           =====                   =======         ======
           TIMER2_A0_ISR           8178 
               interrupt function
               calls direct
               CSTACK = 00000000 ( 0000000C )
    -------------------------------------------------------------------------
INTVEC
  Common segment, address: FF80 - FFD1 (0x52 bytes), align: 1
  Segment part 4. ROOT.
           ENTRY                   ADDRESS         REF BY
           =====                   =======         ======
           TIMER2_A0_ISR::??INTVEC 80
                                   FFD0 

    *************************************************************************

  FILE NAME : c:\Documents and Settings\a0196876\Desktop\_Temp\USB2RS232\CDC_UART_Bridge\Debug\Obj\uart.r43
  PROGRAM MODULE, NAME : uart

  SEGMENTS IN THE MODULE
  ======================
DATA16_AN
  Relative segment, address: 0502 - 0503 (0x2 bytes), align: 0
  Segment part 1. ROOT.       Intra module refs:   SetupDmaForUart0
           ENTRY                   ADDRESS         REF BY
           =====                   =======         ======
           _A_DMACTL1_L            0502 
           LOCAL                   ADDRESS         
           =====                   =======         
           DMACTL1                 0502 
           DMACTL1_H               0503 
           DMACTL1_L               0502 
    -------------------------------------------------------------------------
DATA16_AN
  Relative segment, address: 0504 - 0505 (0x2 bytes), align: 0
  Segment part 2. ROOT.       Intra module refs:   SetupDmaForUart1
           ENTRY                   ADDRESS         REF BY
           =====                   =======         ======
           _A_DMACTL2_L            0504 
           LOCAL                   ADDRESS         
           =====                   =======         
           DMACTL2                 0504 
           DMACTL2_H               0505 
           DMACTL2_L               0504 
    -------------------------------------------------------------------------
DATA16_AN
  Relative segment, address: 050E - 050F (0x2 bytes), align: 0
  Segment part 4. ROOT.       Intra module refs:   DMA_ISR
           ENTRY                   ADDRESS         REF BY
           =====                   =======         ======
           _A_DMAIV_L              050E 
           LOCAL                   ADDRESS         
           =====                   =======         
           DMAIV                   050E 
           DMAIV_H                 050F 
           DMAIV_L                 050E 
    -------------------------------------------------------------------------
DATA16_AN
  Relative segment, address: 0540 - 0541 (0x2 bytes), align: 0
  Segment part 9. ROOT.       Intra module refs:   CdcToUart
                                                   SetupDmaForUart0
           ENTRY                   ADDRESS         REF BY
           =====                   =======         ======
           _A_DMA3CTL_L            0540 
           LOCAL                   ADDRESS         
           =====                   =======         
           DMA3CTL                 0540 
           DMA3CTL_H               0541 
           DMA3CTL_L               0540 
    -------------------------------------------------------------------------
DATA16_AN
  Relative segment, address: 0542 - 0545 (0x4 bytes), align: 0
  Segment part 10. ROOT.      Intra module refs:   SetupDmaForUart0
           ENTRY                   ADDRESS         REF BY
           =====                   =======         ======
           _A_DMA3SA_L             0542 
           LOCAL                   ADDRESS         
           =====                   =======         
           DMA3SA                  0542 
           DMA3SAH                 0544 
           DMA3SAL                 0542 
           DMA3SA_H                0543 
           DMA3SA_L                0542 
    -------------------------------------------------------------------------
[...]
    | Stack used (prev) :  00000054
  02    usbSendDataPacketOnEP0
        | Stack used (prev) :  00000054
        | + function block  :  00000004
        |  Already listed
  02    usbSendDataPacketOnEP0
        | Stack used (prev) :  00000054
        | + function block  :  00000004
        |  Already listed
  02    usbClearOEP0ByteCount
        | Stack used (prev) :  00000000
        | + function block  :  00000004
        |  Already listed
  01  usbGetStringDescriptor
      | Stack used (prev) :  00000058
      | + function block  :  00000004
  <-Sub-tree of type: Indirectly called function tree that does not make
                    : indirect calls (Is not an interrupt and is not flagged
                    : as not overlayable)
    | Stack used          :  0000005C


  ->Sub-tree of type: Indirectly called function tree that does not make
                    : indirect calls (Is not an interrupt and is not flagged
                    : as not overlayable)
                             CSTACK
    | Stack used (prev) :  00000054
  02    usbSendDataPacketOnEP0
        | Stack used (prev) :  00000054
        | + function block  :  00000004
        |  Already listed
  02    usbClearOEP0ByteCount
        | Stack used (prev) :  00000000
        | + function block  :  00000004
        |  Already listed
  01  usbGetInterface
      | Stack used (prev) :  00000058
      | + function block  :  00000004
  <-Sub-tree of type: Indirectly called function tree that does not make
                    : indirect calls (Is not an interrupt and is not flagged
                    : as not overlayable)
    | Stack used          :  0000005C


  ->Sub-tree of type: Indirectly called function tree that does not make
                    : indirect calls (Is not an interrupt and is not flagged
                    : as not overlayable)
                             CSTACK
    | Stack used (prev) :  00000054
  02    usbSendDataPacketOnEP0
        | Stack used (prev) :  00000054
        | + function block  :  00000004
        |  Already listed
  02    usbClearOEP0ByteCount
        | Stack used (prev) :  00000000
        | + function block  :  00000004
        |  Already listed
  01  usbGetDeviceStatus
      | Stack used (prev) :  00000058
      | + function block  :  00000004
  <-Sub-tree of type: Indirectly called function tree that does not make
                    : indirect calls (Is not an interrupt and is not flagged
                    : as not overlayable)
    | Stack used          :  0000005C


  ->Sub-tree of type: Indirectly called function tree that does not make
                    : indirect calls (Is not an interrupt and is not flagged
                    : as not overlayable)
                             CSTACK
    | Stack used (prev) :  00000054
  02    usbSendDataPacketOnEP0
        | Stack used (prev) :  00000054
        | + function block  :  00000004
        |  Already listed
  02    usbClearOEP0ByteCount
        | Stack used (prev) :  00000000
        | + function block  :  00000004
        |  Already listed
  01  usbGetInterfaceStatus
      | Stack used (prev) :  00000058
      | + function block  :  00000004
  <-Sub-tree of type: Indirectly called function tree that does not make
                    : indirect calls (Is not an interrupt and is not flagged
                    : as not overlayable)
    | Stack used          :  0000005C


  ->Sub-tree of type: Indirectly called function tree that does not make
                    : indirect calls (Is not an interrupt and is not flagged
                    : as not overlayable)
                             CSTACK
    | Stack used (prev) :  00000054
  02    usbSendDataPacketOnEP0
        | Stack used (prev) :  00000054
        | + function block  :  00000004
        |  Already listed
  02    usbSendDataPacketOnEP0
        | Stack used (prev) :  00000054
        | + function block  :  00000004
        |  Already listed
  02    usbClearOEP0ByteCount
        | Stack used (prev) :  00000000
        | + function block  :  00000004
        |  Already listed
  02    usbClearOEP0ByteCount
        | Stack used (prev) :  00000000
        | + function block  :  00000004
        |  Already listed
  01  usbGetEndpointStatus
      | Stack used (prev) :  00000058
      | + function block  :  00000004
  <-Sub-tree of type: Indirectly called function tree that does not make
                    : indirect calls (Is not an interrupt and is not flagged
                    : as not overlayable)
    | Stack used          :  0000005C


  ->Sub-tree of type: Indirectly called function tree that does not make
                    : indirect calls (Is not an interrupt and is not flagged
                    : as not overlayable)
                             CSTACK
    | Stack used (prev) :  00000054
  02    usbSendZeroLengthPacketOnIEP0
        | Stack used (prev) :  00000054
        | + function block  :  00000004
        |  Already listed
  02    usbStallOEP0
        | Stack used (prev) :  00000000
        | + function block  :  00000004
        |  Already listed
  02    usbStallEndpoint0
        | Stack used (prev) :  00000054
        | + function block  :  00000004
  01  usbSetAddress
      | Stack used (prev) :  00000058
      | + function block  :  00000004
  <-Sub-tree of type: Indirectly called function tree that does not make
                    : indirect calls (Is not an interrupt and is not flagged
                    : as not overlayable)
    | Stack used          :  0000005C


  ->Sub-tree of type: Indirectly called function tree that does not make
                    : indirect calls (Is not an interrupt and is not flagged
                    : as not overlayable)
                             CSTACK
    | Stack used (prev) :  00000054
  02    usbSendZeroLengthPacketOnIEP0
        | Stack used (prev) :  00000054
        | + function block  :  00000004
        |  Already listed
  02    usbStallOEP0
        | Stack used (prev) :  00000000
        | + function block  :  00000004
        |  Already listed
  01  usbSetConfiguration
      | Stack used (prev) :  00000058
      | + function block  :  00000004
  <-Sub-tree of type: Indirectly called function tree that does not make
                    : indirect calls (Is not an interrupt and is not flagged
                    : as not overlayable)
    | Stack used          :  0000005C


  ->Sub-tree of type: Indirectly called function tree that does not make
                    : indirect calls (Is not an interrupt and is not flagged
                    : as not overlayable)
                             CSTACK
    | Stack used (prev) :  00000054
  02    usbSendZeroLengthPacketOnIEP0
        | Stack used (prev) :  00000054
        | + function block  :  00000004
        |  Already listed
  02    usbStallEndpoint0
        | Stack used (prev) :  00000054
        | + function block  :  00000004
        |  Already listed
  01  usbClearDeviceFeature
      | Stack used (prev) :  00000058
      | + function block  :  00000004
  <-Sub-tree of type: Indirectly called function tree that does not make
                    : indirect calls (Is not an interrupt and is not flagged
                    : as not overlayable)
    | Stack used          :  0000005C


  ->Sub-tree of type: Indirectly called function tree that does not make
                    : indirect calls (Is not an interrupt and is not flagged
                    : as not overlayable)
                             CSTACK
    | Stack used (prev) :  00000054
  02    usbSendZeroLengthPacketOnIEP0
        | Stack used (prev) :  00000054
        | + function block  :  00000004
        |  Already listed
  02    usbStallEndpoint0
        | Stack used (prev) :  00000054
        | + function block  :  00000004
        |  Already listed
  01  usbSetDeviceFeature
      | Stack used (prev) :  00000058
      | + function block  :  00000004
  <-Sub-tree of type: Indirectly called function tree that does not make
                    : indirect calls (Is not an interrupt and is not flagged
                    : as not overlayable)
    | Stack used          :  0000005C


  ->Sub-tree of type: Indirectly called function tree that does not make
                    : indirect calls (Is not an interrupt and is not flagged
                    : as not overlayable)
                             CSTACK
    | Stack used (prev) :  00000054
  02    usbSendZeroLengthPacketOnIEP0
        | Stack used (prev) :  00000054
        | + function block  :  00000004
        |  Already listed
  02    usbSendZeroLengthPacketOnIEP0
        | Stack used (prev) :  00000054
        | + function block  :  00000004
        |  Already listed
  02    usbStallEndpoint0
        | Stack used (prev) :  00000054
        | + function block  :  00000004
        |  Already listed
  01  usbSetEndpointFeature
      | Stack used (prev) :  00000058
      | + function block  :  00000004
  <-Sub-tree of type: Indirectly called function tree that does not make
                    : indirect calls (Is not an interrupt and is not flagged
                    : as not overlayable)
    | Stack used          :  0000005C


  ->Sub-tree of type: Indirectly called function tree that does not make
                    : indirect calls (Is not an interrupt and is not flagged
                    : as not overlayable)
                             CSTACK
    | Stack used (prev) :  00000054
  02    usbSendZeroLengthPacketOnIEP0
        | Stack used (prev) :  00000054
        | + function block  :  00000004
        |  Already listed
  02    usbStallOEP0
        | Stack used (prev) :  00000000
        | + function block  :  00000004
        |  Already listed
  01  usbSetInterface
      | Stack used (prev) :  00000058
      | + function block  :  00000004
  <-Sub-tree of type: Indirectly called function tree that does not make
                    : indirect calls (Is not an interrupt and is not flagged
                    : as not overlayable)
    | Stack used          :  0000005C


  ->Sub-tree of type: Indirectly called function tree that does not make
                    : indirect calls (Is not an interrupt and is not flagged
                    : as not overlayable)
                             CSTACK
    | Stack used (prev) :  00000054
  02    usbStallEndpoint0
        | Stack used (prev) :  00000054
        | + function block  :  00000004
        |  Already listed
  01  usbInvalidRequest
      | Stack used (prev) :  00000058
      | + function block  :  00000004
  <-Sub-tree of type: Indirectly called function tree that does not make
                    : indirect calls (Is not an interrupt and is not flagged
                    : as not overlayable)
    | Stack used          :  0000005C


  ->Sub-tree of type: Indirectly called function tree that does not make
                    : indirect calls (Is not an interrupt and is not flagged
                    : as not overlayable)
                             CSTACK
    | Stack used (prev) :  00000054
  01  memset
      | Stack used (prev) :  00000054
      | + function block  :  00000004
  <-Sub-tree of type: Indirectly called function tree that does not make
                    : indirect calls (Is not an interrupt and is not flagged
                    : as not overlayable)
    | Stack used          :  00000058


  ->Sub-tree of type: Function tree
                             CSTACK
    | Stack used (prev) :  0000005C
  02    Init_TimerA2
        | Stack used (prev) :  0000005C
        | + function block  :  00000004
  03      USB_connectionInfo
          | Stack used (prev) :  0000005C
          | + function block  :  00000004
  03      USB_connect
          | Stack used (prev) :  00000000
          | + function block  :  00000004
          |  Already listed
  03      USB_reset
          | Stack used (prev) :  00000004
          | + function block  :  00000006
          |  Already listed
  03      USB_setEnabledEvents
          | Stack used (prev) :  0000005C
          | + function block  :  00000004
  03      USB_enable
          | Stack used (prev) :  00000004
          | + function block  :  00000008
          |  Already listed
  05          Get_TLV_Info
              | Stack used (prev) :  0000005C
              | + function block  :  00000008
  04        USB_InitSerialStringDescriptor
            | Stack used (prev) :  00000064
            | + function block  :  0000000A
  04        USB_initMemcpy
            | Stack used (prev) :  0000005C
            | + function block  :  00000004
  03      USB_init
          | Stack used (prev) :  0000006E
          | + function block  :  00000008
  02    ConfigUSB
        | Stack used (prev) :  00000076
        | + function block  :  00000004
  04        SetupDmaForUart1
            | Stack used (prev) :  0000005C
            | + function block  :  00000004
  03      InitUart1
          | Stack used (prev) :  00000060
          | + function block  :  00000004
  03      InitUart0
          | Stack used (prev) :  00000004
          | + function block  :  00000004
          |  Already listed
  03      Port_Mapping
          | Stack used (prev) :  0000005C
          | + function block  :  00000004
  03      Init_Ports
          | Stack used (prev) :  0000005C
          | + function block  :  00000004
  04        Init_FLL
            | Stack used (prev) :  0000005C
            | + function block  :  00000006
  03      Init_Clock
          | Stack used (prev) :  00000062
          | + function block  :  00000004
  04        SetVCoreDown
            | Stack used (prev) :  0000005C
            | + function block  :  0000000C
  04        SetVCoreUp
            | Stack used (prev) :  0000005C
            | + function block  :  00000008
  03      SetVCore
          | Stack used (prev) :  00000068
          | + function block  :  00000008
  02    Init_StartUp
        | Stack used (prev) :  00000070
        | + function block  :  00000004
  01  main
      | Stack used (prev) :  0000007A
      | + function block  :  00000004
  <-Sub-tree of type: Function tree
    | Stack used          :  0000007E


  ->Sub-tree of type: Function tree
                             CSTACK
    | Stack used (prev) :  0000007E
  01  exit
      | Stack used (prev) :  0000007E
      | + function block  :  00000004
  <-Sub-tree of type: Function tree
    | Stack used          :  00000082


  ->Sub-tree of type: Function tree
                             CSTACK
    | Stack used (prev) :  00000082
  01  __data16_memzero
      | Stack used (prev) :  00000082
      | + function block  :  00000004
  <-Sub-tree of type: Function tree
    | Stack used          :  00000086




                ****************************************
                *                                      *
                *      SEGMENTS IN ADDRESS ORDER       *
                *                                      *
                ****************************************


SEGMENT              SPACE    START ADDRESS   END ADDRESS     SIZE  TYPE  ALIGN
=======              =====    =============   ===========     ====  ====  =====
DATA16_AN                              0102 - 0103               2   rel    0
                                       0120 - 0121               2 
                                       0124 - 0127               4 
                                       012C - 012F               4 
                                       0140 - 0141               2 
                                       0144 - 0145               2 
                                       015C - 015D               2 
                                       0160 - 0169               A 
                                       016C - 016F               4 
                                       0198 - 019B               4 
                                       01C0 - 01C3               4 
                                       01D0 - 01D1               2 
                                       0202 - 0207               6 
                                       020A - 020B               2 
                                       0222 - 0223               2 
                                       0226 - 0227               2 
                                       022A - 022B               2 
                                       0242 - 0243               2 
                                       0246 - 0247               2 
                                       024A - 024B               2 
                                       0262 - 0267               6 
                                       026A - 026B               2 
                                       0282 - 0283               2 
                                       0286 - 0287               2 
                                       028A - 028B               2 
                                       0322 - 0325               4 
                                       0400 - 0403               4 
                                       0412 - 0413               2 
                                       049C - 049D               2 
                                       0500 - 0505               6 
                                       0508 - 0509               2 
                                       050E - 051B               E 
                                       0520 - 052B               C 
                                       0530 - 053B               C 
                                       0540 - 054B               C 
                                       0550 - 055B               C 
                                       0560 - 056B               C 
                                       05C0 - 05C1               2 
                                       05C6 - 05C8               3 
                                       05CC - 05CC               1 
                                       05CE - 05CE               1 
                                       0600 - 0601               2 
                                       0606 - 0608               3 
                                       060C - 060C               1 
                                       060E - 060E               1 
                                       0900 - 0905               6 
                                       0908 - 0909               2 
                                       0910 - 0915               6 
                                       0920 - 0923               4 
                                       092E - 0930               3 
                                       0932 - 0933               2 
                                       093C - 093F               4 
                                       2370 - 23BF              50 
                                       23C8 - 23FF              38 
DATA16_I                                  2400                       dse    0
DATA16_Z                               2400 - 2EF9             AFA   rel    1
DATA16_N                               2EFA - 2F1B              22   rel    0
CSTACK                                 6360 - 63FF              A0   rel    1
CSTART                                 8000 - 8017              18   rel    1
ISR_CODE                               8018 - 81DD             1C6   rel    1
DATA16_C                               81DE - 84AA             2CD   rel    1
<CODE> 1                               84AC - 9BAF            1704   rel    1
INTVEC                                 FF80 - FFFB              7C   com    1
RESET                                  FFFE - FFFF               2   rel    1

                ****************************************
                *                                      *
                *        END OF CROSS REFERENCE        *
                *                                      *
                ****************************************

 6 496 bytes of CODE  memory
 3 004 bytes of DATA  memory (+ 347 absolute )
   717 bytes of CONST memory

Errors: none
Warnings: none

